[PASS] sealed load: 0 module calls during the load; model fully sealed: {'Module.__call__': 0, 'forward': 0, '__call__ override': 0}
[PASS] embedding digest == the lock's
[PASS] I7 re-run now: bitwise_equal True, nothing differing, scores digest a703ac16…: {'bitwise_equal': True, 'differing': [], 'scores_sha256': 'a703ac16c01f0960100ce1e9db470dfd04c0ce4251319d135fd57e38197d4995'}
[PASS] own noun row ids == the bound list (158 rows; digest verifies)
[PASS] calibration cue ids: 139, digest verifies
[PASS] own nounness (fsum means and dots) agrees with the lock's 40 scores (max |diff| ≤ 1e-14) with the identical ordering: max |diff| 2.220e-16; bitwise 2/40
[PASS] own above-maximum flags == the lock's (23 of 40; 5 of 8 E)
   min E score − max N score = +0.153528 (every E above every N)
[PASS] the seal held (0 refused attempts): {'Module.__call__': 0, 'forward': 0, '__call__ override': 0, 'entry points': 0}
S06B PASS: 8/8 checks
GUARD SUMMARY: refused=0 selftest_cases=17 (all as expected) subprocesses=18 disallowed=0 outside_write_events={'open': 3, 'os.remove': 3, 'tempfile.mkdtemp': 1, 'os.mkdir': 2, 'os.utime': 1, 'os.link': 2, 'shutil.rmtree': 1, 'os.rmdir': 1}
GUARD outside write [open]: /dev/null
GUARD outside write [open]: /private/var/folders/q_/1567wb8j0_q7d7myb3vkvfk40000gn/T/30f_1xyn
GUARD outside write [open]: /private/var/folders/q_/1567wb8j0_q7d7myb3vkvfk40000gn/T/tmp28afeaxx/probe-source
GUARD outside write [os.link]: /private/var/folders/q_/1567wb8j0_q7d7myb3vkvfk40000gn/T/tmp28afeaxx/probe-link
GUARD outside write [os.link]: /private/var/folders/q_/1567wb8j0_q7d7myb3vkvfk40000gn/T/tmp28afeaxx/probe-source
GUARD outside write [os.mkdir]: /private/var/folders/q_/1567wb8j0_q7d7myb3vkvfk40000gn/T/tmp28afeaxx
GUARD outside write [os.mkdir]: /private/var/folders/q_/1567wb8j0_q7d7myb3vkvfk40000gn/T/torchinductor_gaborhorvath-ulenius
GUARD outside write [os.remove]: /private/var/folders/q_/1567wb8j0_q7d7myb3vkvfk40000gn/T/30f_1xyn
GUARD outside write [os.remove]: /private/var/folders/q_/1567wb8j0_q7d7myb3vkvfk40000gn/T/tmp28afeaxx/probe-link
GUARD outside write [os.remove]: /private/var/folders/q_/1567wb8j0_q7d7myb3vkvfk40000gn/T/tmp28afeaxx/probe-source
GUARD outside write [os.rmdir]: /private/var/folders/q_/1567wb8j0_q7d7myb3vkvfk40000gn/T/tmp28afeaxx
GUARD outside write [os.utime]: /private/var/folders/q_/1567wb8j0_q7d7myb3vkvfk40000gn/T/tmp28afeaxx/probe-source
GUARD outside write [shutil.rmtree]: /private/var/folders/q_/1567wb8j0_q7d7myb3vkvfk40000gn/T/tmp28afeaxx
GUARD outside write [tempfile.mkdtemp]: /private/var/folders/q_/1567wb8j0_q7d7myb3vkvfk40000gn/T/tmp28afeaxx
