{
 "checks": {
  "lock_content_digest": true,
  "preregistration_renders_from_the_lock_file": true,
  "state_binds_lock_and_preregistration": true,
  "state_phase_lock_complete_others_not_started": true,
  "state_ledger_empty_no_confirmation": true,
  "state_commit_and_config": true,
  "state_inputs_are_the_base_digests": true,
  "a_second_lock_is_refused": true,
  "module_and_blobs": true,
  "design_and_plan": true,
  "inherited_024": true,
  "freeze_binding": true,
  "manifest_40_108_21_90720": true,
  "zero_spent_collisions": true,
  "zero_patch_path_collisions": true,
  "noun_keys_79_in_order": true,
  "statistics_outcome_semantics_tolerances": true,
  "threshold_27_tail_and_conditions": true,
  "readout_020_states_bound": true,
  "model_digests_equal_024s_lock": true,
  "model_digests_recompute": true,
  "geometry_recomputes_bit_for_bit": true,
  "direction_digests": true,
  "random_controls_nounness_neutral_and_equal_angle": true,
  "plurality_control_neutral": true,
  "nounness_doses_angles_complete_change": true,
  "base_vectors_equal_model_rows": true,
  "geometry_maxima_within_tolerances": true,
  "nearest_token_is_own_for_base_and_primary": true,
  "nothing_refused_one_model_load": true,
  "git_head_origin_remote_tree": true,
  "validate_passes": true,
  "no_installed_lock": true
 },
 "all": true,
 "refused": [],
 "model_loads": 1,
 "digests": {
  "candidate_lock_file_sha256": "1881a79008f905f0331a4396757d69722b6cc22a9b10c06184d79c97ebc843be",
  "candidate_lock_content_sha256": "8e5300de76357ff5df9a3bff1473a85a79d2a3677769b18921bba8e5fb40c2fb",
  "candidate_preregistration_sha256": "e4b12656b877fe1d3dbc2eec314c03c6b2e228d3acadcd146eb179bbf02df919",
  "results_file_sha256": "05f17a42d191aaeb7aab5c4cf704f972497d52d3945f45a6db58503eb7ebd594",
  "results_state_sha256": "8eeb8184faf556211e68579d4682c85f545c877051641afe07dd5eac2b701dad",
  "direction_sha256": "5f914283c39d2f37911ba3bb1391a98bbe3625737f8df80c42eb336868a1bf2a",
  "plurality_direction_sha256": "2dd4a1f427cd23595a4e1cd66a8e32cfe2a771f4c897dde14a44b2f2f6b0507f",
  "all_40_cue_geometry_records_sha256": "3a0030842e4d161053d8a6ee047487ed05a2e07ee015e09c3f14388300d842c9",
  "all_280_random_controls_sha256": "e12581d4be183798b42e2f673670eda711ddaf87359c28df5350c1c806a37315",
  "all_840_patched_float32_vectors_sha256": "30a35c0050421b0b07579ee5827e23386dde95ec777aba8ac36a940551df7ca9",
  "exposed_020_states_sha256": "26c21d6386ebfaf45cd33f1e9ceaae08a225d5c4ae3a5a9476e28bf1683b0f83",
  "parameters_sha256": "fd953f1c745299bedfd1f242fc15c7fe31211f79d8bc0d3ca46372962e7fc0e5",
  "embedding_sha256": "9cd6f39b3adfdb74cffe046af459634982684bff9aef2a981760326f1748eaaf"
 },
 "d_norm": 1.3576567483118904,
 "cos_d_plurality": 0.23521413845112732,
 "ranges": {
  "s0": [
   -0.30588944844486,
   0.2852067688611917
  ],
  "tau": [
   1.3227484611848597,
   1.3559742912728403
  ],
  "theta_primary_deg": [
   13.650144772496521,
   13.99991896936572
  ],
  "theta_half_deg": [
   6.776479587161514,
   6.947525236110986
  ],
  "even_primary": [
   -0.008412084850997583,
   0.009086119249669917
  ]
 },
 "nearest_other_angle_deg_min": 36.8578855643715,
 "check_maxima": {
  "angle32": 3.685199839731368e-09,
  "angle64": 2.220446049250313e-16,
  "d_dot_controls": 5.551115123125783e-17,
  "d_dot_plurality": 6.245004513516506e-17,
  "length32": 6.02588934306425e-09,
  "length64": 4.440892098500626e-16,
  "neutral32": 6.088945903037768e-09,
  "neutral64": 1.6653345369377348e-16,
  "odd32": 2.1101279890078928e-09,
  "odd64": 2.7755575615628914e-16,
  "orth_E_controls": 6.071532165918825e-17,
  "orth_E_plurality": 3.8163916471489756e-17,
  "orth_E_t": 6.505213034913027e-17,
  "orth_t_controls": 4.85722573273506e-17,
  "orth_t_plurality": 4.163336342344337e-17,
  "unit_controls": 5.551115123125783e-16,
  "unit_plurality": 4.440892098500626e-16,
  "unit_t": 6.661338147750939e-16
 },
 "random_control_stats": {
  "unit64": 5.551115123125783e-16,
  "E_dot_u": 6.071532165918825e-17,
  "t_dot_u": 4.85722573273506e-17,
  "d_dot_u": 5.551115123125783e-17,
  "neutral64": 1.6653345369377348e-16,
  "neutral32": 6.088945903037768e-09,
  "angle64": 2.220446049250313e-16,
  "angle32": 3.685199839731368e-09,
  "length32": 6.02588934306425e-09
 },
 "plurality_stats": {
  "neutral64": 1.1102230246251565e-16,
  "neutral32": 5.422153587231193e-09,
  "d_dot": 6.245004513516506e-17
 },
 "noun_stats": {
  "odd64_primary": 2.7755575615628914e-16,
  "odd32_primary": 1.5329753022541581e-09,
  "odd64_half": 1.942890293094024e-16,
  "odd32_half": 2.1101279890078928e-09,
  "angle32": 2.592287912106528e-09,
  "complete_change64": 2.7755575615628914e-16,
  "length32": 5.76327063850357e-09
 },
 "statistics": {
  "A": "A_i = \u00bd[\u2113_i(+\u03b8_i) \u2212 \u2113_i(\u2212\u03b8_i)] at the primary dose",
  "B": "B_i = A_i \u2212 (1/k)\u00b7\u03a3_j |A_ij|, A_ij the random controls' A",
  "D_attn": "total-variation distance of the captured L4/L5 rows at p_t from the locked 020 rows, equal mean over the 16 heads, then over the 108 frames",
  "G": "G_i = \u00bd[D_attn,i(+\u03b8_i) \u2212 D_attn,i(\u2212\u03b8_i)] at the primary dose",
  "count_rule": "PASS iff at least 27 of 40 values are strictly positive; ties and zeros count against",
  "ell": "\u2113 = log(\u03a3 SSE_C / \u03a3 n) over the cue's 108 exposed frames \u00d7 79 scorable nouns (rr.fresh_pair_cells, rr.cue_mse)"
 },
 "outcome_table": [
  [
   "any failed validity gate or incident (no result is outcome-bearing)",
   "NOT_INTERPRETABLE"
  ],
  [
   "A fails",
   "CAUSAL_EFFECT_NOT_ESTABLISHED"
  ],
  [
   "A passes, B fails",
   "DIRECTIONAL_BUT_NOT_DIRECTION_SPECIFIC"
  ],
  [
   "A and B pass, G fails",
   "READOUT_ERROR_CAUSAL_ROUTING_NOT_ESTABLISHED"
  ],
  [
   "A, B and G pass",
   "NOUNNESS_DIRECTION_CAUSALLY_SHIFTS_ROUTING_AND_READOUT_ERROR"
  ]
 ],
 "tolerances": {
  "C_recompute": 0.0,
  "I1": 0.0001,
  "I3": 0.0001,
  "I4": 0.001,
  "I7": 0.0,
  "angle": 1e-12,
  "angle_patched": 1e-06,
  "geometry": 1e-12,
  "level1": 0.02,
  "patched": 1e-06
 },
 "per_cue": [
  {
   "word": "anxious",
   "token_id": 20138,
   "stratum": "adjective",
   "s0": -0.1748985113279264,
   "tau": 1.3463440707976884,
   "theta_primary_deg": 13.749693672549286,
   "theta_half_deg": 6.825180592651697,
   "even_primary": 0.0050120070741821445,
   "t_hat_sha256": "818103f6d49faa38db0129cf7ff11a0ebcb2d1e969d8c39f77dd12e7ce31a861",
   "controls_sha256": "50704ab365986056d28a64859487e4c5971cd3ae57881332f07b34bbefb7174c",
   "plurality_sha256": "97c0694e92fd81d069ff1517f6fb56c9d7680279fb17dccadeebfebd6aa2cad8",
   "vectors64_sha256": "fa96edc06c8e3dcc63312d7fa60441f68c8a5509843eda056eb02c64a0f8aa7e",
   "vectors32_sha256": "318aab5796960b4b6969fbed6cb8dad386066bb4fbdae6b8d1fc6da23cd4b228"
  },
  {
   "word": "cheerful",
   "token_id": 39567,
   "stratum": "adjective",
   "s0": -0.19122602665909105,
   "tau": 1.3441221867691164,
   "theta_primary_deg": 13.772870176439692,
   "theta_half_deg": 6.836516674534039,
   "even_primary": 0.005498299425297032,
   "t_hat_sha256": "ac43450e0f5c5d2821ee9b1753ec9f143280faf80b8ae58c1c4fbe34f2d393e8",
   "controls_sha256": "e0736b692fe3604579afba3acbd50624f5c5f8d4ccb0b25504d97b5135075b2e",
   "plurality_sha256": "dbbb32f58af410b2ac2fe44627425a6426378f73c7e2c239b23688241e2d3d6c",
   "vectors64_sha256": "7c672c64d2c2b26ac189a69a8d04eee1c29ea70f4ca3a23a0fe207ac8d3bb5c4",
   "vectors32_sha256": "d8ac687ae468a171fc184717accd03ed5e7de76714fa219fe1e8d24fb6a7f57b"
  },
  {
   "word": "curious",
   "token_id": 14338,
   "stratum": "adjective",
   "s0": -0.19834536789136709,
   "tau": 1.3430900793591074,
   "theta_primary_deg": 13.783662970787871,
   "theta_half_deg": 6.841795349863074,
   "even_primary": 0.005711899394577798,
   "t_hat_sha256": "447a9f58bf0a6f5b298dabf32e5528a60e15713a8adc1235ce3839f1a2f9457f",
   "controls_sha256": "9c5c8439ee8ec5b80cfafb51e0deb9e0e3d5cc94b7f5b6406242f45f0693e35b",
   "plurality_sha256": "81f957caafdb46a77d3be30f39a05fc1a0df8e49f2a774054a9d1570689814e1",
   "vectors64_sha256": "a418044cb8dfc3094a3d8ed0555adef5907885b2d8c49fd5c3147674409f53b3",
   "vectors32_sha256": "407213598252e0d2527304d0702b2084fb117f9f61152c606818e707a626c02b"
  },
  {
   "word": "jealous",
   "token_id": 23327,
   "stratum": "adjective",
   "s0": -0.13212416708578095,
   "tau": 1.3512124372979637,
   "theta_primary_deg": 13.699186084170234,
   "theta_half_deg": 6.800473387048428,
   "even_primary": 0.0037586043166603794,
   "t_hat_sha256": "5c6842cbbde0ebba81f6eaa4241e7f9668f2f6e4ef07a7f2b9091b60af6f0956",
   "controls_sha256": "2b62f3fee2f04c1ff178e2f0c84251c92d592b5834dacc3262daf8b8a966e6ae",
   "plurality_sha256": "7d50d0faaf426d78123e4df15c19e870923be76cfc5a32d90f6c251a20b60e95",
   "vectors64_sha256": "79010c4955f4a491335f123519487de7dc84f297ab82070a122d7c16ae20a71b",
   "vectors32_sha256": "21962b5797aec0354d51807f9d4f59c97fb13a93b24c3c169c024ae2cb8e54f2"
  },
  {
   "word": "lonely",
   "token_id": 25106,
   "stratum": "adjective",
   "s0": -0.14229840273996663,
   "tau": 1.3501788810429782,
   "theta_primary_deg": 13.709877504368983,
   "theta_half_deg": 6.8057037330473875,
   "even_primary": 0.004054326837170975,
   "t_hat_sha256": "920f33f20b7f2ced61b16810aa76a79cc66c599d0ef7ffa36865f3b23f187a30",
   "controls_sha256": "8cbf2ca763bf6c1d757d7cbd326c580ae9e320ff9fa38b88ee41df4e28fe67d8",
   "plurality_sha256": "ec8003b76433c04b6258991b9fc4462f2fada0c64b922c535f1a46ee02062191",
   "vectors64_sha256": "61d2f60b8a541d76d973d8ea4eac593d6da3322f670e82e23f5f655a40be6fc1",
   "vectors32_sha256": "49f88f77d2cfb25177c226b984e3e82137f31d5ffaac2847a577a5cd50ddb68d"
  },
  {
   "word": "nasty",
   "token_id": 26321,
   "stratum": "adjective",
   "s0": -0.22226869622095793,
   "tau": 1.339338819312369,
   "theta_primary_deg": 13.823034396701344,
   "theta_half_deg": 6.8610500466255795,
   "even_primary": 0.0064372782401313075,
   "t_hat_sha256": "ff1a84d8bdd987228c5893ba4d7909005ad4d325c564f3a942b37a1dbcaed180",
   "controls_sha256": "0e4c2e338c65d7e41d3132311e7ca1baac0f47b21a4b177c71e2eea4006a55c2",
   "plurality_sha256": "86174ed781da64390d919a6088cf56895b47d4ad1de741134d3a83c87cb7c64c",
   "vectors64_sha256": "1a99a5d1925558083e089706799985be53b6d0a1b6d2f7272eca8a0d183e4106",
   "vectors32_sha256": "7766fdea178f40a388c6efc7a4ec69ed99d1228239c394a820b71ee7d84c3208"
  },
  {
   "word": "careful",
   "token_id": 10182,
   "stratum": "adjective",
   "s0": -0.2348760620257469,
   "tau": 1.3371855075957457,
   "theta_primary_deg": 13.845737342760298,
   "theta_half_deg": 6.87215185516099,
   "even_primary": 0.006824662891626811,
   "t_hat_sha256": "06798b81f57dd7f8b22157587299dfdbc3d582f24bf0e9deb036492dffc42781",
   "controls_sha256": "047314a61789699297934360ab52d797782785a8e4a2bfda61aab7c348eb03be",
   "plurality_sha256": "46d0b07ee5ac1927ba413cd7ee1407a78aabd8817e661cb469e18a2ae1141071",
   "vectors64_sha256": "2c0a4d896779c972849371d79a27ae420d31e644ecd6b53cad27536caf11401f",
   "vectors32_sha256": "42dbf2b1fbcf1ba462daf937d74ca41d867064c21ac2a5ea35e09aa8c6e4f810"
  },
  {
   "word": "careless",
   "token_id": 48292,
   "stratum": "adjective",
   "s0": -0.23656468944965708,
   "tau": 1.3368878015534447,
   "theta_primary_deg": 13.848882067170978,
   "theta_half_deg": 6.873689569787957,
   "even_primary": 0.006876835936730442,
   "t_hat_sha256": "4fccc7b69888055de1e71238acf09020ab6d5e649763bf4c4c0ccba6540a667b",
   "controls_sha256": "77bff8616cc0bde003893aab1430d34ac2e02c987b4106d1a1719905afe8a83e",
   "plurality_sha256": "02bf841673e4c7aeaade5faf121f690b2263eac3f667140f06012ae9ab2b0bb6",
   "vectors64_sha256": "b1d20247cc1819e7435f250addeea7f596380b08799009b92f7a63c60ac969aa",
   "vectors32_sha256": "8adabe84c6e60d13755fc8d3e732d5da672ece9d19327f6f2287cc267a5d5245"
  },
  {
   "word": "famous",
   "token_id": 8530,
   "stratum": "adjective",
   "s0": -0.12509703156367374,
   "tau": 1.3518811260354113,
   "theta_primary_deg": 13.69227793299464,
   "theta_half_deg": 6.797093756535591,
   "even_primary": 0.0035551286429933854,
   "t_hat_sha256": "e98667a845e1b7be2566cc1d700c6f8fbc87d69fa6f21ad523b55e6a1cf3fedf",
   "controls_sha256": "3621f36c5f52319013ef5995dab69aa85ac0c59d759372554db857e8055f32fc",
   "plurality_sha256": "b440793b22a4ad33a14c92f83b5393f22448ffc46625704134130e2bd2d9dec4",
   "vectors64_sha256": "bc023d114fd3cef3097333346065bb753cc34ee3f34fee9b102aed19d93725e0",
   "vectors32_sha256": "dd013328766ba91c286ec99cd45f68f64f0c4709aa80fb19355fd61fe70516e6"
  },
  {
   "word": "friendly",
   "token_id": 11453,
   "stratum": "adjective",
   "s0": -0.10198110768349136,
   "tau": 1.3538211476825375,
   "theta_primary_deg": 13.672275542525467,
   "theta_half_deg": 6.787307689539681,
   "even_primary": 0.0028897766213884955,
   "t_hat_sha256": "2eefd1866028fe7ea5b6d614905697b5348b006967a8f8ec3e4979badec54bcc",
   "controls_sha256": "6d7c37b9dbf7c3b4b1fded32042cfc79152b80532fad90e3887a0297b7bcbb48",
   "plurality_sha256": "b93e9de75c70004419e0ce21b1faa7294bf78f2abcf8f9e7b6014b450007b50e",
   "vectors64_sha256": "7837bd4f79b534d01de5404e7645c6be5e96f5785e904aa860debd103a1969a5",
   "vectors32_sha256": "eb2e93cb2b0f2ffbf7b4d244ab6abb5e4a4a28ee762ccd4748081beab25a91a3"
  },
  {
   "word": "gorgeous",
   "token_id": 23535,
   "stratum": "adjective",
   "s0": -0.2206862151984208,
   "tau": 1.3396004780001431,
   "theta_primary_deg": 13.82028078251892,
   "theta_half_deg": 6.859703465023611,
   "even_primary": 0.006388913104490322,
   "t_hat_sha256": "703346766a2481818611abfaba4dd27b8191f35269059553b5e62218f27d54db",
   "controls_sha256": "dcbfd0396287676f2e612010831c3ef087f91d1478455b950a53b06314270868",
   "plurality_sha256": "85835758a8b4516876a0b4f9117e6a0812262650d850530f92daf12632e6b160",
   "vectors64_sha256": "ab1da637778291716d8559c3723166d7134dbb20511f2949402d0a36cfc75d4d",
   "vectors32_sha256": "d0a4c8a50a80630bd594dd1a8126a31ca9dcd097211bef8955c5313750a584f5"
  },
  {
   "word": "hungry",
   "token_id": 18254,
   "stratum": "adjective",
   "s0": -0.06756898433403594,
   "tau": 1.3559742912728403,
   "theta_primary_deg": 13.650144772496521,
   "theta_half_deg": 6.776479587161514,
   "even_primary": 0.0019084971781462856,
   "t_hat_sha256": "600e78d4089f7864fe02a483b2e7e99c1815cb220e9a46869dfc80332b9a6e64",
   "controls_sha256": "ce27717d4ef9c7ce9ca6ef2f0170562bce1283026b01e4509370f5377d4d9ea2",
   "plurality_sha256": "c69a19c778d6b64bf2587d4d7e14665ee998aeb00eba1dca759eeed6df9ee339",
   "vectors64_sha256": "de9dbccbaab05b76081d0e7a6ce44011d5b5766efad2a91c2aab58bdd16d09cf",
   "vectors32_sha256": "12bf8a4e2bbeea41e9c3eadead9d04cbc7bd111e8cb81c94a901872592d49584"
  },
  {
   "word": "weary",
   "token_id": 35725,
   "stratum": "adjective",
   "s0": -0.13181700663512247,
   "tau": 1.3512424367960658,
   "theta_primary_deg": 13.69887601175193,
   "theta_half_deg": 6.800321693926256,
   "even_primary": 0.0037496974245376097,
   "t_hat_sha256": "1a46c8f9e1e43b74997de29e46b9cf4b5040bb2a107a492cb2cecad4a352e37b",
   "controls_sha256": "57bb7850b2d0fa5116a8e0b9ee40fd07591dbfe094bbaa01c02614f87b78a4e4",
   "plurality_sha256": "ef2349546d0784b3d882a8cbe5a1810d7e9edafb4670e42acf93ca4e51289636",
   "vectors64_sha256": "f7d125b9c68ee17962e9a03c88dced229fefa6ddee39ad0a4d16218825016388",
   "vectors32_sha256": "3673a4aca983ec80868dd8ecc4e5b1697773f59121200909a86c5272619dfd29"
  },
  {
   "word": "wicked",
   "token_id": 26395,
   "stratum": "adjective",
   "s0": -0.14091279676751003,
   "tau": 1.3503241943859163,
   "theta_primary_deg": 13.708373320768093,
   "theta_half_deg": 6.804967882849954,
   "even_primary": 0.0040139718078990765,
   "t_hat_sha256": "c9ff7c3fcb036728fcaf56687e53c8d9c7c1e289f230d8cbc7e3c4ae3d548b11",
   "controls_sha256": "d82b2cfaedfbddfc93f7f1a3e11dc685aff52fb7ebc148882f31f5fb697885c6",
   "plurality_sha256": "9a89eca2026183b59cfde06b608b9ca582b716e5a0530e0ed262083ec1e16ac8",
   "vectors64_sha256": "f18c157064eef7591918063fed71a0d216b8678dbec1c85d713454f0fcf17515",
   "vectors32_sha256": "33944b1e1efb5f33df587a066257ad4d765dd6836504c0a7c0e4ca5f67e720e8"
  },
  {
   "word": "ugly",
   "token_id": 19513,
   "stratum": "adjective",
   "s0": -0.2601250214499893,
   "tau": 1.3325039660175342,
   "theta_primary_deg": 13.895356998490104,
   "theta_half_deg": 6.896413141507165,
   "even_primary": 0.007612312822800414,
   "t_hat_sha256": "36fa7abc018037341ace7b66f312e3eb67b3d7aeca54cad634d94f4305f20a57",
   "controls_sha256": "ddb959337bc0b660d4a4ffd0ec0cc5aea68107cb057d892c9fcdd92fc739b1b1",
   "plurality_sha256": "1ec080787870562406712e41681936db8cdbbd4badae8594dbca284223b01a11",
   "vectors64_sha256": "65382a8c5e60e14a68cb72b8706e45b7572607bef8c30f15d2f9ce98d59c8704",
   "vectors32_sha256": "299082f5696714d4e280b5a9a70ecf2fd07735ad9ee16fca7e761cb0a629e023"
  },
  {
   "word": "vivid",
   "token_id": 24863,
   "stratum": "adjective",
   "s0": -0.2890372885147024,
   "tau": 1.3265328085218564,
   "theta_primary_deg": 13.959169158138248,
   "theta_half_deg": 6.927607966946703,
   "even_primary": 0.008535883508134773,
   "t_hat_sha256": "9bb1f4ea6c14c526567796319931e038d244caaf9dfa5e45a0daca083b38a955",
   "controls_sha256": "06a6530f5e17db6c4a26eb8ba64dcecc9a5e2a5721ecf88ef9ed68d0299fd265",
   "plurality_sha256": "dd8a25099c6fa729723f4587998a5d26cc49464f32979e30ddb963841daf1773",
   "vectors64_sha256": "b43ef9ff1ba3daeb015d25b9ad75592083583aafb1d0e69374926a211efc4fae",
   "vectors32_sha256": "c9112a370a5f1121c7e98d18491f449fd79e16f701c4fc433539660c86d5def4"
  },
  {
   "word": "vague",
   "token_id": 21248,
   "stratum": "adjective",
   "s0": -0.30588944844486,
   "tau": 1.3227484611848597,
   "theta_primary_deg": 13.99991896936572,
   "theta_half_deg": 6.947525236110986,
   "even_primary": 0.009086119249669917,
   "t_hat_sha256": "dfa7a216040a8923d8baccba330cba2016438171911870bea7ecd68a7557d683",
   "controls_sha256": "6e8e0ffb825564a07a75a38ff7dae0374a55b26fd9d3fa1bc0a66d8aeba96312",
   "plurality_sha256": "bc07dc48b2d15b3584bb09d24dc8d9790aaf86dab39a28d645a40ee93fb3db2a",
   "vectors64_sha256": "2c0b5d02ca132b53dd15f81f500d0bc7a471741ab439255ffe799ad775e0de34",
   "vectors32_sha256": "8fabedd5130ec0fe0d07af0319a19faf142cd693ee7e733ab6c6edb34e8e33ac"
  },
  {
   "word": "rapid",
   "token_id": 5233,
   "stratum": "adjective",
   "s0": -0.28338435333191386,
   "tau": 1.3277519175371082,
   "theta_primary_deg": 13.946092802028824,
   "theta_half_deg": 6.921216073157477,
   "even_primary": 0.00835334581665692,
   "t_hat_sha256": "fc8ac8ed1886c58eb9273638938bef76a86a086478e7a4e61c410f0fdf70d2ed",
   "controls_sha256": "33c24411204760ca6da12c2ef749a735e1ffb1f78702a63528efd6177ccd9b31",
   "plurality_sha256": "ce00c43cae554869b4102bd24eeb38ab68ec93137ffd168f5a6d6f08cf31c230",
   "vectors64_sha256": "5cec1337ce16c08d924dfd514f71208528551b8b90743f2c31027a05805da3e7",
   "vectors32_sha256": "c89f3d11df63160d12eba2a644ffe8b557dd45fed4ad6a2f17e46816173cd8db"
  },
  {
   "word": "rigid",
   "token_id": 16572,
   "stratum": "adjective",
   "s0": -0.19477219076101376,
   "tau": 1.3436129055434718,
   "theta_primary_deg": 13.778193618894464,
   "theta_half_deg": 6.839120353772715,
   "even_primary": 0.005604571002175968,
   "t_hat_sha256": "0e58d436fa9fff8ba5875d894281d8badd0f37e6990e77554b300b9ee5934735",
   "controls_sha256": "bf06eafa6bd4249c5b3c77d13aec84a82525f53b2fcff1fa9d9493f94d2051dd",
   "plurality_sha256": "bd3a1e711feeb760d199b2742b6e0dcf80d1fe918a63a026354906dc1ec67086",
   "vectors64_sha256": "fc512c511b4a0c426d45b886969aab681576f8201deb904bef70265d6d3272b1",
   "vectors32_sha256": "a7b369df0a7eb032843d5b764ee24e99ad8f3ea3f7986e39ef6149a32ef120c7"
  },
  {
   "word": "clever",
   "token_id": 19080,
   "stratum": "adjective",
   "s0": -0.2575278073293385,
   "tau": 1.3330083550709493,
   "theta_primary_deg": 13.88999371513682,
   "theta_half_deg": 6.893790980908511,
   "even_primary": 0.0075305197668872085,
   "t_hat_sha256": "55260673b5227757691c10d1431c75f01dd6949c081f505efb00395645fd8373",
   "controls_sha256": "ba996fda13f1ab69432262b94b36ae308d4a21287749c8a4fa6f250bdaffad06",
   "plurality_sha256": "8029916f2d8bbf0d53c278455bb8857794e5201fe9f348f40bf70d73a0cc6cc5",
   "vectors64_sha256": "1d40cf8885dabc437be71255ad6f1be23187c76da69a6163999c5a17a65d28bd",
   "vectors32_sha256": "c654b7f85f9599fc16688deb2e4a17fae0b6ec5b8aaea4e825176d4e30ea0c28"
  },
  {
   "word": "soldier",
   "token_id": 15796,
   "stratum": "noun",
   "s0": 0.23153424941236392,
   "tau": 1.3377681927695355,
   "theta_primary_deg": 13.839586504279279,
   "theta_half_deg": 6.869144158160472,
   "even_primary": -0.006721614803834309,
   "t_hat_sha256": "70fe30651f79032ecf85f987e8e349c9dda7dbdfdc68b1d28e8320d72719aae0",
   "controls_sha256": "54c4014052c269cc365c0f95247fe17c3282cad8f5f5e07b260453336768b417",
   "plurality_sha256": "be94bf8dc13b7321db59eecd273acdf104ee658891c733d0a4e402a8abe11e1b",
   "vectors64_sha256": "c20951a92d659817a1bbe2f9a48aa499ed8611c48553b243816566d2d79d2d27",
   "vectors32_sha256": "2ccb5f2986b900af6d89e355dc349aeb081447804edb037786a12cacc3391c74"
  },
  {
   "word": "sailor",
   "token_id": 45758,
   "stratum": "noun",
   "s0": 0.24860555501138382,
   "tau": 1.3347011366797796,
   "theta_primary_deg": 13.8720245193401,
   "theta_half_deg": 6.8850053324672436,
   "even_primary": -0.007250913987345747,
   "t_hat_sha256": "77289ea71f8537a0db4e4d24164c924cd63d6850dde8975f7e26d12370fa82f4",
   "controls_sha256": "8bffce0091745ccba914673d7208686a6321f124dcae81ab884636abec09b671",
   "plurality_sha256": "77d393a618498fa0786ab576015e8c6ecfe4289e4bf43433e642333ca549719b",
   "vectors64_sha256": "683bdb2611b9362f74dad37c7aaff8d5ec3b22f61246ff0e795df9635fda2a4b",
   "vectors32_sha256": "efa32724116616c72c76b8f1245e49a08c7537d3708d01f54f9045fcfd79e2c7"
  },
  {
   "word": "priest",
   "token_id": 14959,
   "stratum": "noun",
   "s0": 0.17507378051271943,
   "tau": 1.3463212906337771,
   "theta_primary_deg": 13.749930893003159,
   "theta_half_deg": 6.825296626147165,
   "even_primary": -0.005017201988810436,
   "t_hat_sha256": "f94b20a13016dc1e7aa96ff2ebd55f0b27682df8cc21a9726324b89bced0a438",
   "controls_sha256": "c20a782dd4e1bc22279a445d1b08d83dceea47deab7262af80f7a92382f60a24",
   "plurality_sha256": "33a58691e4042e7a43a30d4669f816c6650364a0de4dea3944b7e73d2a8ad2eb",
   "vectors64_sha256": "1f6fb7728df76f265b52979e394d1700c238c0ccc35a0eaaed577ac6a92ed003",
   "vectors32_sha256": "bac2a9ce968ade89deb25f41d36b1d963d398e8c8c78a9ec341b225d30693c50"
  },
  {
   "word": "knight",
   "token_id": 30605,
   "stratum": "noun",
   "s0": 0.16277543136210454,
   "tau": 1.3478634964942466,
   "theta_primary_deg": 13.733889830278281,
   "theta_half_deg": 6.8174501343518985,
   "even_primary": -0.00465393468009931,
   "t_hat_sha256": "6374415885cb0a46e0a458fd0eca9acd71c6695babe63de4f1bc81b2abda6ae9",
   "controls_sha256": "6806f232d2f8193a17e51831f979bfa181fd882289bf4c7d1c1536d644b4e96e",
   "plurality_sha256": "39d44b9a2b74bb21678b41956d29b9482f78093043ccf1a1952ed5e3edf8228a",
   "vectors64_sha256": "89f089d0d44f58b0e032b5deb36f790ffea9fd3caa70ad73ebdd7f63e37c2344",
   "vectors32_sha256": "3dc85a242a31f9df7cc16fd2a882f318e199d494b96fcd97638988104f0ae891"
  },
  {
   "word": "onion",
   "token_id": 21635,
   "stratum": "noun",
   "s0": 0.13860572801663962,
   "tau": 1.3505629561030437,
   "theta_primary_deg": 13.705902547739944,
   "theta_half_deg": 6.803759167024687,
   "even_primary": -0.003946837463929612,
   "t_hat_sha256": "da9d8e02881790132f7285f8ea38332ebca132993d5c53cc1309e43d8bb0b29e",
   "controls_sha256": "b63ea6d9355fcdf08398ff5444bb25b5597d48bdaa96880bd401cbc376cc9285",
   "plurality_sha256": "9d058482f64c5b31b3bced47dde83d0acaa954a55f3637f32c697ba469f61b78",
   "vectors64_sha256": "3d8f5f42dfae55bd2a433966f02c35ea793fdcada27c70e00379557518797c24",
   "vectors32_sha256": "b604fce67bfae33a1d61b59c1e521ff77fe6fad62a44a97565b905247e7d9aa8"
  },
  {
   "word": "carrot",
   "token_id": 47215,
   "stratum": "noun",
   "s0": 0.16608062261988932,
   "tau": 1.347460230591985,
   "theta_primary_deg": 13.738080699086863,
   "theta_half_deg": 6.819500138822001,
   "even_primary": -0.004751318349324254,
   "t_hat_sha256": "2c86b92fd86b75f590e8f82ddfdb02e1939a641224fd6cd73cd0edb4926fcbd0",
   "controls_sha256": "9f6adaf154df2dfb262a4092d68aa454a8dd5dcaf39298da7ef966ac0492aa1d",
   "plurality_sha256": "2bed4c0e6c1788cf7d65e726a2fbde5de9cb2a751bbcd9d66d2030ff8811ff9a",
   "vectors64_sha256": "3b6e12aae9bf6c601df49ef3542cd2a3fa54d069fef1b72b222a39f7a5e5ffa9",
   "vectors32_sha256": "8bdf5a48e89c8fb7df700a4c51c5dcea0ffb987710d5745f0d853a9fbfdfa0ae"
  },
  {
   "word": "pirate",
   "token_id": 42404,
   "stratum": "noun",
   "s0": 0.06902295665137842,
   "tau": 1.3559010574860977,
   "theta_primary_deg": 13.650896306488853,
   "theta_half_deg": 6.776847309007824,
   "even_primary": -0.001949778530829549,
   "t_hat_sha256": "ffa16d8d9e2200df49a5e56bf2a433e6969bd0b7a5110c05fac8a4f7c2f7da03",
   "controls_sha256": "70ac24dff777c9e03a7e633e771cd29036a307c25e0c7033c6b6223543c453cf",
   "plurality_sha256": "9f5f8b76c352408de997eb5222558d4a717132581420edfbd477fe1e39c88ff1",
   "vectors64_sha256": "d770250def5505ddacd9f4b643253a103ac13f9108d27e743169b1a2db2a05ee",
   "vectors32_sha256": "e41f4b788db9e3bb00ede518d0f98f02fab070d161207ea60f04c9929325532d"
  },
  {
   "word": "tourist",
   "token_id": 22777,
   "stratum": "noun",
   "s0": 0.07022354272207597,
   "tau": 1.3558394079994784,
   "theta_primary_deg": 13.651529025784571,
   "theta_half_deg": 6.777156894722936,
   "even_primary": -0.001983876022029306,
   "t_hat_sha256": "a95bce3fe73be3f8ac7365b4b8ea7ff0ef43a4bd2adb59ad20740e254adfb5c5",
   "controls_sha256": "553e5004232f52d627015bb7888bf4ef5b8c15a08fa6f0f6962ead63c82cebae",
   "plurality_sha256": "1f4211f530ff1befbdb6df384e628b34b294bf1971f3ca2141ea313c5ab7b3da",
   "vectors64_sha256": "f4a4a8e7cf47fa3d30bb03901173b094dbfcc193119720ff323c785eb729b645",
   "vectors32_sha256": "bf7cc89762720aa5b141aa58e608d2246129ba7976b94ad2cf4795bf91866bff"
  },
  {
   "word": "author",
   "token_id": 2488,
   "stratum": "noun",
   "s0": 0.12815540925896896,
   "tau": 1.3515946275842032,
   "theta_primary_deg": 13.695236855784083,
   "theta_half_deg": 6.798541340610468,
   "even_primary": -0.003643611354145202,
   "t_hat_sha256": "050d6d0c0f15f444be37910a1501fbc20650572ec121733db1a616bbca4a9712",
   "controls_sha256": "2fc8fadecfda8077433052cbeacc994a78c7318dfcb8ecc955df32beb7756f0f",
   "plurality_sha256": "15caff67d256432a574b70112be77089c7382281857cd5ffcd908b3e7eae026d",
   "vectors64_sha256": "6005dc6307d8ddde69c3073b6f440727eb81f0cde86102c67589b1b43eb1b9ef",
   "vectors32_sha256": "a83347580adfdd1edbf2ff09edb1f1a8a692ee302db63e6f3352b09d5ef00e0b"
  },
  {
   "word": "bishop",
   "token_id": 29417,
   "stratum": "noun",
   "s0": 0.2110012665910197,
   "tau": 1.341160061936606,
   "theta_primary_deg": 13.803891169972358,
   "theta_half_deg": 6.851688311445193,
   "even_primary": -0.0060941221291161175,
   "t_hat_sha256": "416a191e84f37567de527b4d9f9960101c213cdb958f374d7392d5abbec38d93",
   "controls_sha256": "b151995acdb200cecbbbc2b7439cdf98b4fb6059d8c7fc36dd02c02e6e911955",
   "plurality_sha256": "317721b229a96535b9e75cc267ce6e30afafa7c8fe4665048e1326ed37dbb49b",
   "vectors64_sha256": "ca1223be40bf6155f6bcadd50140e2fd5a4bce66326b3b733d694adde7e18b35",
   "vectors32_sha256": "b758377f3e593cbcd3240a5a38874ecceee973b42d7bac0a006f53faabc74050"
  },
  {
   "word": "dancer",
   "token_id": 42411,
   "stratum": "noun",
   "s0": 0.2852067688611917,
   "tau": 1.3273616482453356,
   "theta_primary_deg": 13.95027619761496,
   "theta_half_deg": 6.923261001607152,
   "even_primary": -0.008412084850997583,
   "t_hat_sha256": "819704709632214c63d3c9bab084a5dc5841a0932186647751f7ab8ff5121b4b",
   "controls_sha256": "15ac87cb15ff9c565f12f10d35f60d0abbd13957b22d42311b3b7a00645ba7b3",
   "plurality_sha256": "74ac289b5304e01be9cd28ab71fc3425acda4d93c3818b638428a59a5fd3524e",
   "vectors64_sha256": "a81248f4c4fdda315cdfc8ad9afe1e686e616e575b6c9f1f1e2e3c8fafdd311f",
   "vectors32_sha256": "08382b3a4ee7ac1e8b4c9a2a8db29a571b80bffcc7ba354a50641fe8211175c4"
  },
  {
   "word": "duck",
   "token_id": 27985,
   "stratum": "noun",
   "s0": 0.14493936913974786,
   "tau": 1.3498979315156339,
   "theta_primary_deg": 13.712786645960607,
   "theta_half_deg": 6.807126881865853,
   "even_primary": -0.004131316868585451,
   "t_hat_sha256": "07d2abdf6c2b9316fee6e0d68fdfeec6b6288ebc87235a4a54eb8101b77f4830",
   "controls_sha256": "d49ab8980a4288839cf142107d31f2c3c54355faedf6351bf7ff1248d246828c",
   "plurality_sha256": "7376e9a6c0ef26c0b75511799a20517d49819f05476f8f917f34319c989bf18c",
   "vectors64_sha256": "cb7374123b531dbcc6a5641e14af8a6bafc5111b7c5697b1a88f8ed385e90ef0",
   "vectors32_sha256": "a54117d95b8c494879954eb3dd448fd3be65160e24fd083d6720f9d8a0dc8a1f"
  },
  {
   "word": "goat",
   "token_id": 23244,
   "stratum": "noun",
   "s0": 0.17138001760523613,
   "tau": 1.3467964715585068,
   "theta_primary_deg": 13.744984324685468,
   "theta_half_deg": 6.8228770540000925,
   "even_primary": -0.004907831307839546,
   "t_hat_sha256": "15d3bfd1c73005b52ae890bc5c9703734e548e1680b756619c53b4ce9534f49e",
   "controls_sha256": "2a16b58849926328e63d177fb06905e30f580cc3320dee6c67547f5f2d1397b3",
   "plurality_sha256": "3e4605d6f7e37fa6d7ba693031bd24a0825aa77b60d9057c7e3cfc669fe25917",
   "vectors64_sha256": "a0a98c9944e55076bf575b7e50d59016a3d51c75f5bd3e13ef1e29e98ad7a9b9",
   "vectors32_sha256": "5eb4b1df2d75f39461f6855ae0e4b52cab2d0aecd59bc8f38e7b6562f0b76df3"
  },
  {
   "word": "guitar",
   "token_id": 12609,
   "stratum": "noun",
   "s0": 0.16575729500078856,
   "tau": 1.3475000428166364,
   "theta_primary_deg": 13.737666842727608,
   "theta_half_deg": 6.819297698176622,
   "even_primary": -0.004741784096470803,
   "t_hat_sha256": "f1ce6e6f3e82a01a6b113f8091c20ece012c57dec07c2849944deb0de51fadca",
   "controls_sha256": "853f84dd9b70c96f7e80f45bd0eb808b1fc2f3eef5948618c8ecfb1bfc12cd38",
   "plurality_sha256": "035e2d617fdbe5f91c9b357d32e4e14bcb0422c3e68568c84376d7a893d7fc2c",
   "vectors64_sha256": "2bc97718d8f63c3455096ef2a2ea2ae8aaffe073b5b74526d06fd7dc2f59ba08",
   "vectors32_sha256": "c548df42183238e9d764352f6422fd3bd6199d354808570f567dce74ba2d88f3"
  },
  {
   "word": "hunter",
   "token_id": 32290,
   "stratum": "noun",
   "s0": 0.1451977069423091,
   "tau": 1.3498701686219716,
   "theta_primary_deg": 13.713074189457622,
   "theta_half_deg": 6.807267547095225,
   "even_primary": -0.004138853207593951,
   "t_hat_sha256": "f324a26fadf1ed67979c24d7907cb1ebffea7b4c94a3403c3c64bfe1ac8f3baa",
   "controls_sha256": "d568c96ec7cc45218d4973a2ca8073edb4d36e0e16f9597825d644c7d03a8f72",
   "plurality_sha256": "2875ea2c52b84c5d4ddb38fcd43f0008a50092ff6b0ae7709bceffca4984ffe2",
   "vectors64_sha256": "b700f9879e940f35dda8042eb96b53becf02293e9a5de943a6541f143e502e01",
   "vectors32_sha256": "e34eed12d7b528a1c264daf1f3f02c570de7bc5d229e7e0038466f697daea947"
  },
  {
   "word": "lawyer",
   "token_id": 11115,
   "stratum": "noun",
   "s0": 0.18142091907916252,
   "tau": 1.3454806934167756,
   "theta_primary_deg": 13.758690208564525,
   "theta_half_deg": 6.829581076028078,
   "even_primary": -0.005205690370340722,
   "t_hat_sha256": "b4df08bd493863834d841a0681da9eec98f9c4b6555725996b4c2d5e1b619309",
   "controls_sha256": "da97f089986bbdd81bbbcd265be563890413233700ada6caa6415fa8500ac11e",
   "plurality_sha256": "0c2021c80da4cff60432410099e867892c8849442acedeaed37e73bffbdd5f2c",
   "vectors64_sha256": "46b40b05cdea9712617f09169338fd65ddb576913effbffbb397065b45ef5801",
   "vectors32_sha256": "44d27f1b7bc7058b69fe12dbe4dff332af2e2c4168feb4e65ae468c434e17784"
  },
  {
   "word": "monk",
   "token_id": 35295,
   "stratum": "noun",
   "s0": 0.11786708442314398,
   "tau": 1.3525306638469985,
   "theta_primary_deg": 13.685574362081947,
   "theta_half_deg": 6.793814139319226,
   "even_primary": -0.003346397502851161,
   "t_hat_sha256": "f75e9259dce0a578effad7f1f4a358dc45bc0ae182f7f3e6ffce1319d5e1b1e9",
   "controls_sha256": "52b5836c672c1659c608fe47be0f265eb6ee46426ec51524b41f22615c5ff94a",
   "plurality_sha256": "43de41154f211b9381b970eeaffaed9f690c27a10c181f7a58c523335612ee37",
   "vectors64_sha256": "5bfcc49172e4642b237d12430ed14adb9d621321964820b4dfe39e54e8f7aa75",
   "vectors32_sha256": "8cc939340e0fc42cc44602aacbb9e9738595bad364d1743b5541eca9121b392a"
  },
  {
   "word": "nurse",
   "token_id": 15339,
   "stratum": "noun",
   "s0": 0.2421242159028257,
   "tau": 1.3358921027950785,
   "theta_primary_deg": 13.859410311718339,
   "theta_half_deg": 6.8788375799479455,
   "even_primary": -0.007049102434364735,
   "t_hat_sha256": "e235a2c5e514996c8203ddee64ac18ff08a1c7153f4f9940e3fea429e7600fdb",
   "controls_sha256": "d48706c20a2cfb43136cc72f40929b33a21788014331aabf4400d9e2cd1bc831",
   "plurality_sha256": "ff4c4755ce6e8b4939ddacc089e8b0e3f2fbeaae9fdff303678c0177efc3648d",
   "vectors64_sha256": "3aa11e38d16f61dc2c610bbd8cbb24dfbba29f39f6e0fbe8a4975d6118b23134",
   "vectors32_sha256": "f6519e9482a8bf2e6eb9ccc01d1304567389503a5eb9f28733e93f5a0205d240"
  },
  {
   "word": "painter",
   "token_id": 27343,
   "stratum": "noun",
   "s0": 0.23971395275285892,
   "tau": 1.336326706719736,
   "theta_primary_deg": 13.854812941282537,
   "theta_half_deg": 6.8765896192617175,
   "even_primary": -0.006974324367170807,
   "t_hat_sha256": "9287601811d4a4b53e038d2bf8b7a2ba95d5ea05922f0e5e1800bee6093afdb2",
   "controls_sha256": "54b1273be75dd12d0cdab9ba7b112969a6c4357032d73094185674d439a33753",
   "plurality_sha256": "75e14b91f416595b1a6670923285a1c588376fee6b6b4f1c4d072eb3d11cdf9a",
   "vectors64_sha256": "cdacf6e038f6c0a4615dadb0a8b27314a1a2fb17f6665caebabaf06dc433a462",
   "vectors32_sha256": "3cdfd1bf80995a7e039d03dc10a1f44d11ce3782e65d62bc603c7b7ec76372fc"
  },
  {
   "word": "prince",
   "token_id": 24012,
   "stratum": "noun",
   "s0": 0.16945921726543317,
   "tau": 1.3470395019896786,
   "theta_primary_deg": 13.74245580043853,
   "theta_half_deg": 6.821640232689665,
   "even_primary": -0.004851048386753959,
   "t_hat_sha256": "dfc24d55c17fec4a141f4291530d6bd90dd36bd9168caee55f7891adfb51995d",
   "controls_sha256": "f07daaeb93858b9755d3ea27876be9996efb0d33b78a4bd070518d540e211ed3",
   "plurality_sha256": "2c89a1dbb34f04cd7e131aff85063ed9ef9a7f997523d671573f2e0a4a9802f6",
   "vectors64_sha256": "6063057ef20cd6bd5a6f2df807812471aed6a4f6f6e95b8474022207cfb2f0d4",
   "vectors32_sha256": "2784e02a161fc60877d66dc08a6036673d60d8d0dfbed4e2c299e11b3d275cb9"
  }
 ],
 "validate_log": [
  "module blobs 13 verified (024's included); 022\u2013024's committed files and 020's confirmation file verified; confirmation 6eca7024fe3f\u2026 (40 cues, 90720 condition-tagged keys); no lock installed"
 ]
}
