guard self-test: a write under the repository is refused (refusals so far: 1)
load_model bound in rr/ul/b0c namespaces: []

# Item 7 (part): the file on disk
  [ok] file sha256 == expected: 68510e1b902b5ee3442caf9c7bbbd337abe5bbbf04766d8bfa98c09e4b199b60
  [ok] content sha256 (own canonical JSON without the key) == recorded == expected: 87f8aff1dca467f92a905b115681a0f6f80328c0f872c426d231b67d129b1e87
  [ok] file bytes == own canonical JSON + newline

frozen inputs loaded; 022 and 023 committed inputs verified (5 + 7 digests); 023 confirmation loaded

# Item 3: exclusion sets (own derivation from committed JSON and the frozen pool)
  [ok] 022 exclusion: 303 distinct sorted ids, digest self-consistent: 303
  [ok] 023 exclusion: 327 distinct sorted ids, digest self-consistent: 327
  [ok] chain: 022 exclusion ∪ 022's 24 cues ∪ 022 frames' cue ids == 023's 327: 327; 022 cues 24, frame cue ids [581, 767, 1016, 2067]
  [ok] earlier cue ids = 023's 327 ∪ 023's 24 cues ∪ 023 frames' cue ids: 351: 351; 023 cues 24; 023 frame cue ids [581, 767, 1016, 2067] (already in 327: True)
  [ok] 022's 303 reproduce from the frozen inputs (ul.extract_exclusion)
  [ok] 023's 327 reproduce from the frozen inputs (b0c.exclusion), digest and sources
  [ok] file exclusion ids == own 351 (sorted), digest == sha256(canonical ids)
  [ok] file exclusion sources = 023's sources + a confirmation-023 source with 023's file sha and content sha: 16 sources: ['pool-020', 'confirmation-006', 'confirmation-009', 'confirmation-011', 'confirmation-012', 'confirmation-013', 'confirmation-014', 'confirmation-015', 'confirmation-016', 'confirmation-017', 'confirmation-018', 'confirmation-019', 'confirmation-020', 'extension', 'confirmation-022', 'confirmation-023']
  [ok] every exclusion source file digest recorded in the file matches the committed file now
  [ok] target-noun form ids: 161 (every sg/pl piece of every pool noun): 161 from 80 nouns (79 single-token, 1 multi-token: ['peach'])
  [ok] file target_noun_form_ids == own (sorted) with digest
  [ok] 108 exposed frames: 36 cardinal, 36 quantifier, 36 coordinated-adjective (72 cue-final + 36 coordinated): {'cardinal': 36, 'quantifier': 36, 'coordinated-adjective': 36}
  [ok] exposed-frame token ids: 316 (every prefix/suffix id of the 108): 316
  [ok] file frame_token_ids == own (sorted) with digest
  [ok] the 108 pool frames are 023's committed exposed-cells frames and 023's committed exposed_frame_ids
  [ok] file exposed_frame_ids == pool order; reference_cue_ids == pool's: {'cardinal': 581, 'coordinated-adjective': 581, 'quantifier': 1016}

# Item 2: the candidate lists against the design document's table
  [ok] the design table has the three ordered rows: ['N', 'B/D lemmas', 'C/E lemmas']
  [ok] design N list == rr.N_CANDIDATES (order and content): 37
  [ok] design B/D lemmas == singulars of rr.MEASURE_LEMMAS: 24
  [ok] design C/E lemmas == singulars of rr.ORDINARY_LEMMAS: 28
  [ok] plan's written-out measure pairs == rr.MEASURE_LEMMAS: 24
  [ok] plan's written-out ordinary pairs == rr.ORDINARY_LEMMAS: 28
  [ok] plan's N_CANDIDATES text == rr.N_CANDIDATES: 37
  [ok] every listed plural is the regular English plural of its lemma
  [ok] file candidates == rr lists verbatim
  [ok] no duplicate word across the three lists
  [ok] design expected picks == rr.EXPECTED_PICKS

tokenizer: GPTNeoXTokenizer, revision e93a9faa9c77e5d09219f6c868bfc7a1bd65593c, vocab 50277

# Item 2: own mechanical selection (first 8 eligible per list)
  N: honest 8274, polite 30405, rude 30446, sleepy 48849, wise 15822, lucky 13476, merry 49570, nervous 11219
  B: gallons 42616, ounces 28409, acres 20046, herds 47862, crowds 24597, bundles 25663, clusters 9959, litres 47026
  D: gallon 46740, ounce 38831, acre 36982, herd 33361, crowd 9539, bundle 13204, cluster 7368, litre 43803
  C: apples 28580, horses 12074, doctors 11576, kings 25346, rabbits 29948, poets 32976, dragons 41705, lions 44536
  E: apple 19126, horse 8815, doctor 7345, king 6963, rabbit 17876, poet 17502, dragon 22159, lion 27405
  [ok] own picks == the 40 expected words and ids (task list)
  [ok] own picks == the file's cues (all fields, order N,B,D,C,E)
  [ok] own rejected (30) == the file's rejected (list, candidate, rank, exact reason text): 30 (Counter({'measure': 13, 'ordinary': 11, 'N': 6}))
  [ok] own rejected in the file's exact order
  [ok] own reserves == the file's reserves: {'N': 23, 'measure': 3, 'ordinary': 9}
  [ok] design ✗ marks == own ineligible entries, list by list: {'N': [], 'measure': [], 'ordinary': []}
  [ok] design bold entries == own picks, in order: {'N': ['honest', 'polite', 'rude', 'sleepy', 'wise', 'lucky', 'merry', 'nervous'], 'measure': ['gallon', 'ounce', 'acre', 'herd', 'crowd', 'bundle', 'cluster', 'litre'], 'ordinary': ['apple', 'horse', 'doctor', 'king', 'rabbit', 'poet', 'dragon', 'lion']}
  [ok] design '(frame token)' annotations are exactly teacher and farmer, both frame tokens here: {'teacher': 'frame token', 'farmer': 'frame token'}
    teacher: ids [9732], earlier False, target_form False, frame_token True; plural teachers: ids [10954]
    farmer: ids [24718], earlier False, target_form False, frame_token True; plural farmers: ids [14768]
    crate: ids [47143], earlier False, target_form False, frame_token True; plural crates: ids [1531, 684]
    basket: ids [11281], earlier False, target_form False, frame_token True; plural baskets: ids [1666, 43846]
  [ok] teacher, farmer, crate and basket singulars are single tokens that are exposed-frame tokens (and not earlier cues / target forms)
  [ok] crates and baskets are multi-token; teachers and farmers are eligible single tokens
    frames holding them: {'teacher': ['quantifier-016-2'], 'farmer': ['cardinal-015-1'], 'crate': ['cardinal-fresh-1'], 'basket': ['cardinal-new-1']}
  [ok] design reserves text == own reserves (N from anxious; B/D and C/E lists): (['anxious'], ['barrel', 'bucket', 'sack'], ['soldier', 'sailor', 'priest', 'knight', 'onion', 'carrot', 'pirate', 'tourist', 'statue'])
  [ok] no reserve was needed: every list filled its quota before its first reserve; picks are the design's expected picks
  [ok] the 'already picked' rule never decided anything
  last picked candidate ranks: N 9, measure 15, ordinary 11

# Item 3: eligibility of the 40 (direct)
  [ok] 40 distinct ids
  [ok] each cue: exactly one id with the leading space; decodes back to ' ' + word; the no-space form is a different string
  [ok] no selected id is an earlier cue id / target-noun form / exposed-frame token: {'earlier': 0, 'forms': 0, 'frames': 0}
  [ok] B/D and C/E are position-wise lemma pairs (same lemma, same candidate rank, plural = listed plural)
  [ok] class assignment only from the curated lists: N ⊂ N_CANDIDATES; B/D lemmas ⊂ MEASURE_LEMMAS; C/E ⊂ ORDINARY_LEMMAS
  [ok] none of the 40 words occurs as a word (any case/tokenization) in any exposed frame's decoded text or template
  [ok] no exposed-frame token decodes (case-insensitively, stripped) to one of the 40 words
  [ok] no cue lemma or word is a pool noun's lexical key

# Item 4: the manifest
  [ok] 4,320 keys, unique
  [ok] own key format == pm.Prompt.key
  [ok] file manifest == own (canonical sorted order as stored)
  [ok] manifest sha256 == pm.sha256_text(pm.canonical_json(manifest)) and starts fcc437fc: fcc437fca9730b8599333eeac95807786570f0d03bd01e49f52daec76ed4e32d
  [ok] file counts == {classes: 8 each}
  [ok] 023's raw-JSON manifest keys == the verified 023 object's manifest_keys()
  [ok] spent/forbidden union == 39,312 keys: {'020_ledger': 30132, '020_confirmation_set': 3060, '022_manifest': 3060, '023_manifest': 3060, 'union': 39312}
  [ok] zero overlap between the 4,320 keys and the spent union
  [ok] no spent key carries one of the 40 cue ids or words as its cue
  [ok] every 024 key: an exposed frame × a frozen 024 cue
  [ok] Runner._base's forbidden set (replicated) == own spent union
  [ok] no prompt key in any tracked file uses one of the 40 ids or words as its cue: 324 tracked files with '|' scanned, 33421 key strings; hits ids {} labels {}

# Item 6: the bound configuration and contents
  [ok] C(16,8) = 12,870 and ⌊0.025·12,870⌋ = 321 (own arithmetic)
  [ok] configuration literal values (own expectation)
  [ok] guard: n_E 8, n_N 8, assignments 12,870, max_upper 321; rule 'PASS iff K ≤ max_upper', ties count against, one-sided 0.025: {'alpha': '0.025, one-sided', 'arithmetic': 'exact: every binary64 log MSE as its exact dyadic rational (as_integer_ratio), subset sums in Python integers', 'assignments': 12870, 'enumeration': 'itertools.combinations(range(n_E + n_N), n_E); the observed assignment is the first', 'log': 'natural', 'max_upper': 321, 'n_E': 8, 'n_N': 8, 'order': 'E first, then N, each class in its frozen order', 'p_value': 'K / assignments (exact)', 'rule': 'K = #{assignments S : D(S) ≥ D_EN}, the observed one included (ties count against the guard); PASS iff K ≤ max_upper', 'statistic': 'D_EN = mean(log MSE_E) − mean(log MSE_N)', 'undefined': 'NOT_INTERPRETABLE iff an MSE is not finite and positive'}
  [ok] configuration == rr.PRODUCTION.to_json()
  [ok] class order N×8, B×8, D×8, C×8, E×8
  [ok] rules == rr.FREEZE_RULES; classes == rr.CLASS_CONTENT; design/plan/model pinned
  [ok] picks/expected_picks/picks_match_expected
  [ok] top-level keys are exactly the planned schema: ['candidates', 'classes', 'configuration', 'content_sha256', 'counts', 'cues', 'design', 'exclusion', 'expected_picks', 'experiment', 'exposed_frame_ids', 'frame_token_ids', 'kind', 'manifest', 'model', 'picks', 'picks_match_expected', 'plan', 'reference_cue_ids', 'rejected', 'reserves', 'rules', 'schema_version', 'target_noun_form_ids']
  [ok] the file holds no floating-point value at all
  (the only score-like key is the rule text $.rules.score: 'the nounness score is never computed at the freeze and never selects, rejects, reorders or classifies a candidate')
  [ok] no key names a score, embedding, logit, hidden state, MSE or centroid (nounness absent by design)

# Item 7: in-memory reconstruction through rr.freeze_payload (nothing written)
  [ok] rebuilt bytes == file bytes: 174160 vs 174160
  [ok] rebuilt file sha256 and content sha256 == expected
  [ok] Runner.freeze's overlap check (replicated): rebuilt manifest ∩ forbidden = ∅
  [ok] rr.load_confirmation_024(file, pool, exclusion recomputed now, rr.PRODUCTION) verifies
  [ok] loaded tokens == own picks (word, id, class, lemma, form)
  [ok] the file was not touched by the review (size, mtime_ns, inode unchanged)

# Item 5: files opened per stage of the replicated freeze path (reads; writes refused)
  frozen_inputs: 32 files; non-code: ['experiments/005-regular-plural-mechanism/extension-v1.json', 'experiments/006-low-rank-cue-decompilation/confirmation-v1.json', 'experiments/009-head-transport-rule/confirmation-v1.json', 'experiments/011-encoding-read-prospective/confirmation-v1.json', 'experiments/011-encoding-read-prospective/preregistration-lock.json', 'experiments/012-layer-correction-token-local/confirmation-v1.json', 'experiments/012-layer-correction-token-local/preregistration-lock.json', 'experiments/013-attention-paths-frozen-pattern/confirmation-v1.json', 'experiments/014-neuron-1987-feature/confirmation-v1.json', 'experiments/015-attention-pattern-token-local/confirmation-v1.json', 'experiments/016-frame-conditioned-qk/confirmation-v1.json', 'experiments/017-transport-head-pattern/confirmation-v1.json', 'experiments/017-transport-head-pattern/preregistration-lock.json', 'experiments/018-block2-concentration/confirmation-v1.json', 'experiments/019-block2-routing/confirmation-v1.json', 'experiments/020-readout-decompilation/closure.json', 'experiments/020-readout-decompilation/confirmation-v1.json', 'experiments/020-readout-decompilation/evidence/exploration-record-2026-09-22.json', 'outputs/experiment-020/results.json', 'screening/behavior-candidates/manifest-v1.json']
    weight/array/outputs-like reads in frozen_inputs: ['/Users/gaborhorvath-ulenius/myprojects/neural-decompiler/outputs/experiment-020/results.json']
  verify_022_023: 20 files; non-code: ['experiments/005-regular-plural-mechanism/extension-v1.json', 'experiments/006-low-rank-cue-decompilation/confirmation-v1.json', 'experiments/009-head-transport-rule/confirmation-v1.json', 'experiments/011-encoding-read-prospective/confirmation-v1.json', 'experiments/012-layer-correction-token-local/confirmation-v1.json', 'experiments/013-attention-paths-frozen-pattern/confirmation-v1.json', 'experiments/014-neuron-1987-feature/confirmation-v1.json', 'experiments/015-attention-pattern-token-local/confirmation-v1.json', 'experiments/016-frame-conditioned-qk/confirmation-v1.json', 'experiments/017-transport-head-pattern/confirmation-v1.json', 'experiments/018-block2-concentration/confirmation-v1.json', 'experiments/019-block2-routing/confirmation-v1.json', 'experiments/020-readout-decompilation/confirmation-v1.json', 'experiments/022-upstream-error-localization/calibration-v1.json', 'experiments/022-upstream-error-localization/confirmation-v1.json', 'experiments/023-block0-completion/confirmation-v1.json', 'experiments/023-block0-completion/exposed-cells.f64', 'experiments/023-block0-completion/exposed-cells.json', 'experiments/023-block0-completion/preregistration-lock.json', 'screening/behavior-candidates/manifest-v1.json']
    weight/array/outputs-like reads in verify_022_023: ['/Users/gaborhorvath-ulenius/myprojects/neural-decompiler/experiments/023-block0-completion/exposed-cells.f64']
  exclusions: 17 files; non-code: ['experiments/005-regular-plural-mechanism/extension-v1.json', 'experiments/006-low-rank-cue-decompilation/confirmation-v1.json', 'experiments/009-head-transport-rule/confirmation-v1.json', 'experiments/011-encoding-read-prospective/confirmation-v1.json', 'experiments/012-layer-correction-token-local/confirmation-v1.json', 'experiments/013-attention-paths-frozen-pattern/confirmation-v1.json', 'experiments/014-neuron-1987-feature/confirmation-v1.json', 'experiments/015-attention-pattern-token-local/confirmation-v1.json', 'experiments/016-frame-conditioned-qk/confirmation-v1.json', 'experiments/017-transport-head-pattern/confirmation-v1.json', 'experiments/018-block2-concentration/confirmation-v1.json', 'experiments/019-block2-routing/confirmation-v1.json', 'experiments/020-readout-decompilation/confirmation-v1.json', 'experiments/022-upstream-error-localization/confirmation-v1.json', 'experiments/023-block0-completion/confirmation-v1.json', 'experiments/023-block0-completion/exposed-cells.json', 'screening/behavior-candidates/manifest-v1.json']
  tokenizer_load: 3096 files; non-code: ['/System/Library/CoreServices/SystemVersion.plist', '/Users/gaborhorvath-ulenius/.cache/huggingface/.agent_harnesses.json', '/Users/gaborhorvath-ulenius/.cache/huggingface/hub/models--EleutherAI--pythia-70m-deduped/blobs/0204ed10c186a4c7c68f55dff8f26087a45898d6', '/Users/gaborhorvath-ulenius/.cache/huggingface/hub/models--EleutherAI--pythia-70m-deduped/blobs/d7a9196e329eaf06d6e2802fed376e7459834236', '/Users/gaborhorvath-ulenius/.cache/huggingface/hub/models--EleutherAI--pythia-70m-deduped/blobs/f1860edb10f80bcaf7b023fce47c68a23b724c23', '/Users/gaborhorvath-ulenius/.cache/huggingface/hub/models--EleutherAI--pythia-70m-deduped/blobs/f74dfbfab8f97770a87769c739fb080c21c8bacc', '/Users/gaborhorvath-ulenius/.cache/huggingface/hub/models--EleutherAI--pythia-70m-deduped/trees/e93a9faa9c77e5d09219f6c868bfc7a1bd65593c.json', '/Users/gaborhorvath-ulenius/.cache/huggingface/token', 'src/neural_decompiler.egg-info/METADATA', 'src/neural_decompiler.egg-info/PKG-INFO', 'src/neural_decompiler.egg-info/top_level.txt', '/private/var/folders/q_/1567wb8j0_q7d7myb3vkvfk40000gn/T/tmpa3kybfrz']
  selection: 0 files; non-code: []
  eligibility: 0 files; non-code: []
  manifest: 0 files; non-code: []
  freeze_payload: 0 files; non-code: []
  loader: 17 files; non-code: ['experiments/005-regular-plural-mechanism/extension-v1.json', 'experiments/006-low-rank-cue-decompilation/confirmation-v1.json', 'experiments/009-head-transport-rule/confirmation-v1.json', 'experiments/011-encoding-read-prospective/confirmation-v1.json', 'experiments/012-layer-correction-token-local/confirmation-v1.json', 'experiments/013-attention-paths-frozen-pattern/confirmation-v1.json', 'experiments/014-neuron-1987-feature/confirmation-v1.json', 'experiments/015-attention-pattern-token-local/confirmation-v1.json', 'experiments/016-frame-conditioned-qk/confirmation-v1.json', 'experiments/017-transport-head-pattern/confirmation-v1.json', 'experiments/018-block2-concentration/confirmation-v1.json', 'experiments/019-block2-routing/confirmation-v1.json', 'experiments/020-readout-decompilation/confirmation-v1.json', 'experiments/022-upstream-error-localization/confirmation-v1.json', 'experiments/023-block0-completion/confirmation-v1.json', 'experiments/024-readout-routing-nounness/confirmation-v1.json', 'screening/behavior-candidates/manifest-v1.json']
  Hugging Face cache files opened: ['/Users/gaborhorvath-ulenius/.cache/huggingface/.agent_harnesses.json', '/Users/gaborhorvath-ulenius/.cache/huggingface/hub/models--EleutherAI--pythia-70m-deduped/blobs/0204ed10c186a4c7c68f55dff8f26087a45898d6', '/Users/gaborhorvath-ulenius/.cache/huggingface/hub/models--EleutherAI--pythia-70m-deduped/blobs/d7a9196e329eaf06d6e2802fed376e7459834236', '/Users/gaborhorvath-ulenius/.cache/huggingface/hub/models--EleutherAI--pythia-70m-deduped/blobs/f1860edb10f80bcaf7b023fce47c68a23b724c23', '/Users/gaborhorvath-ulenius/.cache/huggingface/hub/models--EleutherAI--pythia-70m-deduped/blobs/f74dfbfab8f97770a87769c739fb080c21c8bacc', '/Users/gaborhorvath-ulenius/.cache/huggingface/hub/models--EleutherAI--pythia-70m-deduped/trees/e93a9faa9c77e5d09219f6c868bfc7a1bd65593c.json', '/Users/gaborhorvath-ulenius/.cache/huggingface/token', '/Users/gaborhorvath-ulenius/myprojects/neural-decompiler/.venv/lib/python3.12/site-packages/huggingface_hub-1.31.0.dist-info/METADATA', '/Users/gaborhorvath-ulenius/myprojects/neural-decompiler/.venv/lib/python3.12/site-packages/huggingface_hub-1.31.0.dist-info/entry_points.txt', '/Users/gaborhorvath-ulenius/myprojects/neural-decompiler/.venv/lib/python3.12/site-packages/huggingface_hub-1.31.0.dist-info/top_level.txt', '/Users/gaborhorvath-ulenius/myprojects/neural-decompiler/.venv/lib/python3.12/site-packages/huggingface_hub/__pycache__/__init__.cpython-312.pyc', '/Users/gaborhorvath-ulenius/myprojects/neural-decompiler/.venv/lib/python3.12/site-packages/huggingface_hub/__pycache__/_buckets.cpython-312.pyc', '/Users/gaborhorvath-ulenius/myprojects/neural-decompiler/.venv/lib/python3.12/site-packages/huggingface_hub/__pycache__/_commit_api.cpython-312.pyc', '/Users/gaborhorvath-ulenius/myprojects/neural-decompiler/.venv/lib/python3.12/site-packages/huggingface_hub/__pycache__/_dataset_viewer.cpython-312.pyc', '/Users/gaborhorvath-ulenius/myprojects/neural-decompiler/.venv/lib/python3.12/site-packages/huggingface_hub/__pycache__/_eval_results.cpython-312.pyc', '/Users/gaborhorvath-ulenius/myprojects/neural-decompiler/.venv/lib/python3.12/site-packages/huggingface_hub/__pycache__/_inference_endpoints.cpython-312.pyc', '/Users/gaborhorvath-ulenius/myprojects/neural-decompiler/.venv/lib/python3.12/site-packages/huggingface_hub/__pycache__/_jobs_api.cpython-312.pyc', '/Users/gaborhorvath-ulenius/myprojects/neural-decompiler/.venv/lib/python3.12/site-packages/huggingface_hub/__pycache__/_local_folder.cpython-312.pyc', '/Users/gaborhorvath-ulenius/myprojects/neural-decompiler/.venv/lib/python3.12/site-packages/huggingface_hub/__pycache__/_revision.cpython-312.pyc', '/Users/gaborhorvath-ulenius/myprojects/neural-decompiler/.venv/lib/python3.12/site-packages/huggingface_hub/__pycache__/_snapshot_download.cpython-312.pyc', '/Users/gaborhorvath-ulenius/myprojects/neural-decompiler/.venv/lib/python3.12/site-packages/huggingface_hub/__pycache__/_space_api.cpython-312.pyc', '/Users/gaborhorvath-ulenius/myprojects/neural-decompiler/.venv/lib/python3.12/site-packages/huggingface_hub/__pycache__/_tree_cache.cpython-312.pyc', '/Users/gaborhorvath-ulenius/myprojects/neural-decompiler/.venv/lib/python3.12/site-packages/huggingface_hub/__pycache__/_upload_large_folder.cpython-312.pyc', '/Users/gaborhorvath-ulenius/myprojects/neural-decompiler/.venv/lib/python3.12/site-packages/huggingface_hub/__pycache__/_upload_pipeline.cpython-312.pyc', '/Users/gaborhorvath-ulenius/myprojects/neural-decompiler/.venv/lib/python3.12/site-packages/huggingface_hub/__pycache__/community.cpython-312.pyc', '/Users/gaborhorvath-ulenius/myprojects/neural-decompiler/.venv/lib/python3.12/site-packages/huggingface_hub/__pycache__/constants.cpython-312.pyc', '/Users/gaborhorvath-ulenius/myprojects/neural-decompiler/.venv/lib/python3.12/site-packages/huggingface_hub/__pycache__/dataclasses.cpython-312.pyc', '/Users/gaborhorvath-ulenius/myprojects/neural-decompiler/.venv/lib/python3.12/site-packages/huggingface_hub/__pycache__/errors.cpython-312.pyc', '/Users/gaborhorvath-ulenius/myprojects/neural-decompiler/.venv/lib/python3.12/site-packages/huggingface_hub/__pycache__/file_download.cpython-312.pyc', '/Users/gaborhorvath-ulenius/myprojects/neural-decompiler/.venv/lib/python3.12/site-packages/huggingface_hub/__pycache__/hf_api.cpython-312.pyc', '/Users/gaborhorvath-ulenius/myprojects/neural-decompiler/.venv/lib/python3.12/site-packages/huggingface_hub/__pycache__/lfs.cpython-312.pyc', '/Users/gaborhorvath-ulenius/myprojects/neural-decompiler/.venv/lib/python3.12/site-packages/huggingface_hub/__pycache__/repocard.cpython-312.pyc', '/Users/gaborhorvath-ulenius/myprojects/neural-decompiler/.venv/lib/python3.12/site-packages/huggingface_hub/__pycache__/repocard_data.cpython-312.pyc', '/Users/gaborhorvath-ulenius/myprojects/neural-decompiler/.venv/lib/python3.12/site-packages/huggingface_hub/utils/__pycache__/__init__.cpython-312.pyc', '/Users/gaborhorvath-ulenius/myprojects/neural-decompiler/.venv/lib/python3.12/site-packages/huggingface_hub/utils/__pycache__/_auth.cpython-312.pyc', '/Users/gaborhorvath-ulenius/myprojects/neural-decompiler/.venv/lib/python3.12/site-packages/huggingface_hub/utils/__pycache__/_cache_assets.cpython-312.pyc', '/Users/gaborhorvath-ulenius/myprojects/neural-decompiler/.venv/lib/python3.12/site-packages/huggingface_hub/utils/__pycache__/_cache_manager.cpython-312.pyc', '/Users/gaborhorvath-ulenius/myprojects/neural-decompiler/.venv/lib/python3.12/site-packages/huggingface_hub/utils/__pycache__/_chunk_utils.cpython-312.pyc', '/Users/gaborhorvath-ulenius/myprojects/neural-decompiler/.venv/lib/python3.12/site-packages/huggingface_hub/utils/__pycache__/_datetime.cpython-312.pyc', '/Users/gaborhorvath-ulenius/myprojects/neural-decompiler/.venv/lib/python3.12/site-packages/huggingface_hub/utils/__pycache__/_deprecation.cpython-312.pyc', '/Users/gaborhorvath-ulenius/myprojects/neural-decompiler/.venv/lib/python3.12/site-packages/huggingface_hub/utils/__pycache__/_detect_agent.cpython-312.pyc', '/Users/gaborhorvath-ulenius/myprojects/neural-decompiler/.venv/lib/python3.12/site-packages/huggingface_hub/utils/__pycache__/_experimental.cpython-312.pyc', '/Users/gaborhorvath-ulenius/myprojects/neural-decompiler/.venv/lib/python3.12/site-packages/huggingface_hub/utils/__pycache__/_fixes.cpython-312.pyc', '/Users/gaborhorvath-ulenius/myprojects/neural-decompiler/.venv/lib/python3.12/site-packages/huggingface_hub/utils/__pycache__/_git_credential.cpython-312.pyc', '/Users/gaborhorvath-ulenius/myprojects/neural-decompiler/.venv/lib/python3.12/site-packages/huggingface_hub/utils/__pycache__/_headers.cpython-312.pyc', '/Users/gaborhorvath-ulenius/myprojects/neural-decompiler/.venv/lib/python3.12/site-packages/huggingface_hub/utils/__pycache__/_hf_uris.cpython-312.pyc', '/Users/gaborhorvath-ulenius/myprojects/neural-decompiler/.venv/lib/python3.12/site-packages/huggingface_hub/utils/__pycache__/_http.cpython-312.pyc', '/Users/gaborhorvath-ulenius/myprojects/neural-decompiler/.venv/lib/python3.12/site-packages/huggingface_hub/utils/__pycache__/_lfs.cpython-312.pyc', '/Users/gaborhorvath-ulenius/myprojects/neural-decompiler/.venv/lib/python3.12/site-packages/huggingface_hub/utils/__pycache__/_oauth_device.cpython-312.pyc', '/Users/gaborhorvath-ulenius/myprojects/neural-decompiler/.venv/lib/python3.12/site-packages/huggingface_hub/utils/__pycache__/_pagination.cpython-312.pyc', '/Users/gaborhorvath-ulenius/myprojects/neural-decompiler/.venv/lib/python3.12/site-packages/huggingface_hub/utils/__pycache__/_parsing.cpython-312.pyc', '/Users/gaborhorvath-ulenius/myprojects/neural-decompiler/.venv/lib/python3.12/site-packages/huggingface_hub/utils/__pycache__/_paths.cpython-312.pyc', '/Users/gaborhorvath-ulenius/myprojects/neural-decompiler/.venv/lib/python3.12/site-packages/huggingface_hub/utils/__pycache__/_runtime.cpython-312.pyc', '/Users/gaborhorvath-ulenius/myprojects/neural-decompiler/.venv/lib/python3.12/site-packages/huggingface_hub/utils/__pycache__/_safetensors.cpython-312.pyc', '/Users/gaborhorvath-ulenius/myprojects/neural-decompiler/.venv/lib/python3.12/site-packages/huggingface_hub/utils/__pycache__/_subprocess.cpython-312.pyc', '/Users/gaborhorvath-ulenius/myprojects/neural-decompiler/.venv/lib/python3.12/site-packages/huggingface_hub/utils/__pycache__/_telemetry.cpython-312.pyc', '/Users/gaborhorvath-ulenius/myprojects/neural-decompiler/.venv/lib/python3.12/site-packages/huggingface_hub/utils/__pycache__/_terminal.cpython-312.pyc', '/Users/gaborhorvath-ulenius/myprojects/neural-decompiler/.venv/lib/python3.12/site-packages/huggingface_hub/utils/__pycache__/_typing.cpython-312.pyc', '/Users/gaborhorvath-ulenius/myprojects/neural-decompiler/.venv/lib/python3.12/site-packages/huggingface_hub/utils/__pycache__/_validators.cpython-312.pyc', '/Users/gaborhorvath-ulenius/myprojects/neural-decompiler/.venv/lib/python3.12/site-packages/huggingface_hub/utils/__pycache__/_verification.cpython-312.pyc', '/Users/gaborhorvath-ulenius/myprojects/neural-decompiler/.venv/lib/python3.12/site-packages/huggingface_hub/utils/__pycache__/_xet.cpython-312.pyc', '/Users/gaborhorvath-ulenius/myprojects/neural-decompiler/.venv/lib/python3.12/site-packages/huggingface_hub/utils/__pycache__/_xet_progress_reporting.cpython-312.pyc', '/Users/gaborhorvath-ulenius/myprojects/neural-decompiler/.venv/lib/python3.12/site-packages/huggingface_hub/utils/__pycache__/endpoint_helpers.cpython-312.pyc', '/Users/gaborhorvath-ulenius/myprojects/neural-decompiler/.venv/lib/python3.12/site-packages/huggingface_hub/utils/__pycache__/insecure_hashlib.cpython-312.pyc', '/Users/gaborhorvath-ulenius/myprojects/neural-decompiler/.venv/lib/python3.12/site-packages/huggingface_hub/utils/__pycache__/logging.cpython-312.pyc', '/Users/gaborhorvath-ulenius/myprojects/neural-decompiler/.venv/lib/python3.12/site-packages/huggingface_hub/utils/__pycache__/sha.cpython-312.pyc', '/Users/gaborhorvath-ulenius/myprojects/neural-decompiler/.venv/lib/python3.12/site-packages/huggingface_hub/utils/__pycache__/tqdm.cpython-312.pyc']
  [ok] no model-weight file opened anywhere in this run (no .safetensors/.bin/.pt/.pth/.ckpt)
  [ok] no model path was reached (Module.__call__, load_model, capture entry points, torch.load, safetensors)
  [ok] freeze_payload/select_cues/_status stage opened no file at all
  [ok] no write under the repository was attempted after the self-test: [('selftest', 'open', '/Users/gaborhorvath-ulenius/myprojects/neural-decompiler/__reviewer_nonexistent_dir__/probe.txt')]
  [ok] pinned snapshot's tokenizer/config files are intact (git blob id == cache blob name): {'tokenizer.json': 'c24618a1b3e6a381', 'tokenizer_config.json': '70e38394e494931c', 'special_tokens_map.json': '6f50ab5a5a509a1c', 'config.json': '002050231a9b1ec3'}
