guard live: 6 routes refused (open(path), open(resolved), open(dotted path), os.open, torch.load, pathlib.read_bytes); 6 refusals recorded and cleared; table inode 31816276
PASS  outputs/experiment-023/candidate-calibration.json  | 94db6df26156d7a1 (== pre-review snapshot, mtime unchanged)
PASS  outputs/experiment-023/candidate-exposed-cells.f64  | d2ee71e58f455536 (== pre-review snapshot, mtime unchanged)
PASS  outputs/experiment-023/candidate-exposed-cells.json  | 628181475e557728 (== pre-review snapshot, mtime unchanged)
PASS  outputs/experiment-023/candidate-lock.json  | 4bd5a5b14627768d (== pre-review snapshot, mtime unchanged)
PASS  outputs/experiment-023/candidate-locked-y1-table.f64  | 37603f058500e056 (== pre-review snapshot, mtime unchanged)
PASS  outputs/experiment-023/candidate-locked-y1-table.json  | 3bf85e186db7dfbf (== pre-review snapshot, mtime unchanged)
PASS  outputs/experiment-023/candidate-preregistration.md  | dc198785b6350d20 (== pre-review snapshot, mtime unchanged)
PASS  outputs/experiment-023/draw-values.pt  | 38ef8b5b49f0334b (== pre-review snapshot, mtime unchanged)
PASS  outputs/experiment-023/results.json  | 328be2b688fd8cef (== pre-review snapshot, mtime unchanged, == task-bound digest)
PASS  outputs/experiment-023/stage2-measurements.pt  | 13b7da1758e8c6d0 (== pre-review snapshot, mtime unchanged, == task-bound digest)
PASS  outputs/experiment-023/y2-table.f64  | 4623adde5eb53e14 (== pre-review snapshot, mtime unchanged, == task-bound digest)
PASS  outputs/experiment-023/y2-table.json  | e87091ef5b273f40 (== pre-review snapshot, mtime unchanged, == task-bound digest)
PASS  experiments/023-block0-completion/README.md  | 46c382e30107135f (== pre-review snapshot, == HEAD blob)
PASS  experiments/023-block0-completion/calibration-v1.json  | 94db6df26156d7a1 (== pre-review snapshot, == task-bound digest, == HEAD blob)
PASS  experiments/023-block0-completion/confirmation-v1.json  | 5fadfa503f4fe353 (== pre-review snapshot, == task-bound digest, == HEAD blob)
PASS  experiments/023-block0-completion/evidence/README.md  | b9552d229501c49f (== HEAD blob)
PASS  experiments/023-block0-completion/evidence/archive/README.md  | 1916614056c8d72a (== HEAD blob)
PASS  experiments/023-block0-completion/evidence/archive/experiment-020-results.json.gz  | 69d726ac54b86ea9 (== HEAD blob)
PASS  experiments/023-block0-completion/evidence/calibrate-2026-09-24/FLOOR-REVIEW.md  | 238f744737e6f098 (== HEAD blob)
PASS  experiments/023-block0-completion/evidence/calibrate-2026-09-24/calibrate.out  | 2db8826b61e35dea (== HEAD blob)
PASS  experiments/023-block0-completion/evidence/calibrate-2026-09-24/calibrate_files.json  | 01c4c85dead74c9c (== HEAD blob)
PASS  experiments/023-block0-completion/evidence/calibrate-2026-09-24/guarded_calibrate.py  | cb43063a2de17259 (== HEAD blob)
PASS  experiments/023-block0-completion/evidence/calibrate-2026-09-24/precalibrate.out  | 764ee6e8cefe7f16 (== HEAD blob)
PASS  experiments/023-block0-completion/evidence/calibrate-2026-09-24/precalibrate.py  | 82bd2fab8247e62a (== HEAD blob)
PASS  experiments/023-block0-completion/evidence/calibrate-2026-09-24/verify_calibrate.out  | 4cd3383b4521c115 (== HEAD blob)
PASS  experiments/023-block0-completion/evidence/calibrate-2026-09-24/verify_calibrate.py  | e0d984cd4f4d6b97 (== HEAD blob)
PASS  experiments/023-block0-completion/evidence/extract-2026-09-24/extract.out  | ab44282ada812745 (== HEAD blob)
PASS  experiments/023-block0-completion/evidence/extract-2026-09-24/postcommit.out  | c6d02fb69e5ce1cb (== HEAD blob)
PASS  experiments/023-block0-completion/evidence/extract-2026-09-24/postcommit.py  | 975b29fa66f60f7e (== HEAD blob)
PASS  experiments/023-block0-completion/evidence/extract-2026-09-24/preflight_a.out  | d08e7fb5773dcdb3 (== HEAD blob)
PASS  experiments/023-block0-completion/evidence/extract-2026-09-24/preflight_a.py  | 22dc92cd7712de7f (== HEAD blob)
PASS  experiments/023-block0-completion/evidence/extract-2026-09-24/preflight_b_numbers.out  | 04147436a4e9f36e (== HEAD blob)
PASS  experiments/023-block0-completion/evidence/extract-2026-09-24/preflight_b_numbers.py  | 7c0c6dc15f68d023 (== HEAD blob)
PASS  experiments/023-block0-completion/evidence/extract-2026-09-24/preflight_b_tierc.out  | 0006d75211831d28 (== HEAD blob)
PASS  experiments/023-block0-completion/evidence/extract-2026-09-24/preinstall.py  | 2e65bbae6e1a238e (== HEAD blob)
PASS  experiments/023-block0-completion/evidence/extract-2026-09-24/snapshot_after_review.txt  | 8405960f81772807 (== HEAD blob)
PASS  experiments/023-block0-completion/evidence/extract-2026-09-24/snapshot_before_review.txt  | 46ca5e4fb37f6513 (== HEAD blob)
PASS  experiments/023-block0-completion/evidence/extract-2026-09-24/verify_extract.out  | b3b9ff50e0883fb5 (== HEAD blob)
PASS  experiments/023-block0-completion/evidence/extract-2026-09-24/verify_extract.py  | f59e39eb991f6dc9 (== HEAD blob)
PASS  experiments/023-block0-completion/evidence/extraction-review-2026-09-24/REVIEW.md  | 3cedec1588c665f3 (== HEAD blob)
PASS  experiments/023-block0-completion/evidence/extraction-review-2026-09-24/a_state_artifact.log  | a11cf7db7636d20b (== HEAD blob)
PASS  experiments/023-block0-completion/evidence/extraction-review-2026-09-24/a_state_artifact.py  | 0796a297aea93e13 (== HEAD blob)
PASS  experiments/023-block0-completion/evidence/extraction-review-2026-09-24/b_table_checks.log  | 33eeb6799464b11d (== HEAD blob)
PASS  experiments/023-block0-completion/evidence/extraction-review-2026-09-24/b_table_checks.py  | 6ed2257dcfaaf580 (== HEAD blob)
PASS  experiments/023-block0-completion/evidence/extraction-review-2026-09-24/c_e4_recheck.log  | 6d739ad55e61104f (== HEAD blob)
PASS  experiments/023-block0-completion/evidence/extraction-review-2026-09-24/c_e4_recheck.py  | 25c00a020dc891c3 (== HEAD blob)
PASS  experiments/023-block0-completion/evidence/extraction-review-2026-09-24/d_calib_independence.log  | 0736e2008aace53a (== HEAD blob)
PASS  experiments/023-block0-completion/evidence/extraction-review-2026-09-24/d_calib_independence.py  | ea18ac1e3f8f3db9 (== HEAD blob)
PASS  experiments/023-block0-completion/evidence/extraction-review-2026-09-24/e_final_unchanged.log  | fe79590f55217813 (== HEAD blob)
PASS  experiments/023-block0-completion/evidence/extraction-review-2026-09-24/e_final_unchanged.py  | be562bdeab5d607f (== HEAD blob)
PASS  experiments/023-block0-completion/evidence/extraction-review-2026-09-24/f_spike_consistency.log  | 838d3fd874c49fac (== HEAD blob)
PASS  experiments/023-block0-completion/evidence/extraction-review-2026-09-24/f_spike_consistency.py  | 33ad634ceabd7392 (== HEAD blob)
PASS  experiments/023-block0-completion/evidence/extraction-review-2026-09-24/revlib.py  | 6203ab772fda7569 (== HEAD blob)
PASS  experiments/023-block0-completion/evidence/freeze-2026-09-24/freeze.out  | f362a481d5bca748 (== HEAD blob)
PASS  experiments/023-block0-completion/evidence/freeze-2026-09-24/freeze_files.json  | f344190fb8aad3bc (== HEAD blob)
PASS  experiments/023-block0-completion/evidence/freeze-2026-09-24/guarded_freeze.py  | 2726fbab0a8d8f3d (== HEAD blob)
PASS  experiments/023-block0-completion/evidence/freeze-2026-09-24/prefreeze.out  | d2ed39a8c783563c (== HEAD blob)
PASS  experiments/023-block0-completion/evidence/freeze-2026-09-24/prefreeze.py  | 9a4babada6f23652 (== HEAD blob)
PASS  experiments/023-block0-completion/evidence/freeze-2026-09-24/snapshot_after_review.txt  | 0ac5b26300c8e052 (== HEAD blob)
PASS  experiments/023-block0-completion/evidence/freeze-2026-09-24/snapshot_before_review.txt  | 0ac5b26300c8e052 (== HEAD blob)
PASS  experiments/023-block0-completion/evidence/freeze-2026-09-24/tierc_freeze_contract.out  | c7d3dd0d9086f9c7 (== HEAD blob)
PASS  experiments/023-block0-completion/evidence/freeze-2026-09-24/verify_freeze.out  | 2f0b39a855a75f50 (== HEAD blob)
PASS  experiments/023-block0-completion/evidence/freeze-2026-09-24/verify_freeze.py  | 29accadfec411361 (== HEAD blob)
PASS  experiments/023-block0-completion/evidence/freeze-review-2026-09-24/REVIEW.md  | c0c942786b6f1cdd (== HEAD blob)
PASS  experiments/023-block0-completion/evidence/freeze-review-2026-09-24/r1_state.out  | 585d53776f3b6d2d (== HEAD blob)
PASS  experiments/023-block0-completion/evidence/freeze-review-2026-09-24/r1_state.py  | 61afb3b19606b3de (== HEAD blob)
PASS  experiments/023-block0-completion/evidence/freeze-review-2026-09-24/r2_independent.out  | 5f46ce6c4f359f51 (== HEAD blob)
PASS  experiments/023-block0-completion/evidence/freeze-review-2026-09-24/r2_independent.py  | d11551bdc52825b6 (== HEAD blob)
PASS  experiments/023-block0-completion/evidence/freeze-review-2026-09-24/r3_crosscheck.out  | 3c0f54e65d958a5a (== HEAD blob)
PASS  experiments/023-block0-completion/evidence/freeze-review-2026-09-24/r3_crosscheck.py  | e121877e3f13cf95 (== HEAD blob)
PASS  experiments/023-block0-completion/evidence/freeze-review-2026-09-24/r4_scan.out  | 09b41e53cf002be7 (== HEAD blob)
PASS  experiments/023-block0-completion/evidence/freeze-review-2026-09-24/r4_scan.py  | a5c13fb0015b4639 (== HEAD blob)
PASS  experiments/023-block0-completion/evidence/freeze-review-2026-09-24/validate.out  | f4dd2d610767d2e6 (== HEAD blob)
PASS  experiments/023-block0-completion/evidence/lock-2026-09-24/guarded_lock.py  | a8e6cd7ce9333e99 (== HEAD blob)
PASS  experiments/023-block0-completion/evidence/lock-2026-09-24/lock.out  | 047894235352e4ca (== HEAD blob)
PASS  experiments/023-block0-completion/evidence/lock-2026-09-24/lock_files.json  | 40a0ed2b2dbfa7c1 (== HEAD blob)
PASS  experiments/023-block0-completion/evidence/lock-2026-09-24/postinstall.out  | 62dee4d72efb8fe1 (== HEAD blob)
PASS  experiments/023-block0-completion/evidence/lock-2026-09-24/postinstall.py  | d4b410ea789e187a (== HEAD blob)
PASS  experiments/023-block0-completion/evidence/lock-2026-09-24/prelock.out  | a4f8c4b7698e36d5 (== HEAD blob)
PASS  experiments/023-block0-completion/evidence/lock-2026-09-24/prelock.py  | 91314c30c7a146bb (== HEAD blob)
PASS  experiments/023-block0-completion/evidence/lock-2026-09-24/snapshot_after_review.txt  | 5cbca82325c12038 (== HEAD blob)
PASS  experiments/023-block0-completion/evidence/lock-2026-09-24/snapshot_before_review.txt  | 5cbca82325c12038 (== HEAD blob)
PASS  experiments/023-block0-completion/evidence/lock-2026-09-24/tier-c-13b8d39.log  | 0811afe6d2e77039 (== HEAD blob)
PASS  experiments/023-block0-completion/evidence/lock-2026-09-24/verify_lock.out  | 9c4e4cffd4031337 (== HEAD blob)
PASS  experiments/023-block0-completion/evidence/lock-2026-09-24/verify_lock.py  | 667290fa3e3984ef (== HEAD blob)
PASS  experiments/023-block0-completion/evidence/lock-review-2026-09-24/REVIEW.md  | 53ec61016f785af4 (== HEAD blob)
PASS  experiments/023-block0-completion/evidence/lock-review-2026-09-24/expected_lock_partial.json  | 3966bdbf0bae3fae (== HEAD blob)
PASS  experiments/023-block0-completion/evidence/lock-review-2026-09-24/guard.py  | 5ceac05db7e5c1b9 (== HEAD blob)
PASS  experiments/023-block0-completion/evidence/lock-review-2026-09-24/probe_load.log  | 0f2fd0fd1f570ed1 (== HEAD blob)
PASS  experiments/023-block0-completion/evidence/lock-review-2026-09-24/probe_load.py  | 1da292a9f89e7c0b (== HEAD blob)
PASS  experiments/023-block0-completion/evidence/lock-review-2026-09-24/review_final.log  | e8f60405eb9c44b6 (== HEAD blob)
PASS  experiments/023-block0-completion/evidence/lock-review-2026-09-24/review_final.py  | 1c0912411dc7b42b (== HEAD blob)
PASS  experiments/023-block0-completion/evidence/lock-review-2026-09-24/review_model.json  | e411506dacb05602 (== HEAD blob)
PASS  experiments/023-block0-completion/evidence/lock-review-2026-09-24/review_model.log  | 5543b355ffc0d8b9 (== HEAD blob)
PASS  experiments/023-block0-completion/evidence/lock-review-2026-09-24/review_model.py  | d2772e451f26d7e7 (== HEAD blob)
PASS  experiments/023-block0-completion/evidence/lock-review-2026-09-24/review_static.json  | 1da89bd595ed45d7 (== HEAD blob)
PASS  experiments/023-block0-completion/evidence/lock-review-2026-09-24/review_static.log  | 1788b9036f39153c (== HEAD blob)
PASS  experiments/023-block0-completion/evidence/lock-review-2026-09-24/review_static.py  | de10220acbe03f70 (== HEAD blob)
PASS  experiments/023-block0-completion/exposed-cells.f64  | d2ee71e58f455536 (== pre-review snapshot, == HEAD blob)
PASS  experiments/023-block0-completion/exposed-cells.json  | 628181475e557728 (== pre-review snapshot, == HEAD blob)
PASS  experiments/023-block0-completion/locked-y1-table.f64  | 37603f058500e056 (== pre-review snapshot, == task-bound digest, == HEAD blob)
PASS  experiments/023-block0-completion/locked-y1-table.json  | 3bf85e186db7dfbf (== pre-review snapshot, == task-bound digest, == HEAD blob)
PASS  experiments/023-block0-completion/preregistration-lock.json  | 4bd5a5b14627768d (== pre-review snapshot, == task-bound digest, == HEAD blob)
PASS  experiments/023-block0-completion/preregistration.md  | dc198785b6350d20 (== pre-review snapshot, == HEAD blob)
PASS  experiments/023-block0-completion/run.py  | 22b5cbe18a6dc78e (== HEAD blob)
PASS  every output file was in the pre-review snapshot (nothing added)
PASS  HEAD == c7efec7 == origin/main (git ls-remote, no fetch)
PASS  git status --porcelain --untracked-files=all is empty  | ''

FINAL: ALL PASS
