write-capable functions (a write call inside): 43
   neural_decompiler.attention_paths.freeze_confirmation lines [539, 540]
   neural_decompiler.attention_paths.write_results_state lines [587, 589, 590]
   neural_decompiler.attention_patterns.freeze_confirmation lines [825, 826]
   neural_decompiler.attention_patterns.write_results_state lines [874, 876, 877]
   neural_decompiler.block0_completion.write_cells lines [458, 459, 460]
   neural_decompiler.block_concentration.freeze_confirmation lines [330, 331]
   neural_decompiler.block_concentration.write_results_state lines [663, 665, 666]
   neural_decompiler.block_routing.freeze_confirmation lines [431, 432]
   neural_decompiler.block_routing.write_results_state lines [944, 946, 947]
   neural_decompiler.candidate_screening.freeze_manifest lines [932, 933]
   neural_decompiler.candidate_screening.write_results_state lines [1567, 1569, 1570]
   neural_decompiler.cue_decompilation.export_low_rank lines [600, 616, 621]
   neural_decompiler.cue_decompilation.freeze_confirmation lines [330, 331]
   neural_decompiler.cue_decompilation.write_results_state lines [372, 374, 375]
   neural_decompiler.cue_suppression.write_results_state lines [222, 224, 225]
   neural_decompiler.encoding_read.freeze_confirmation lines [291, 292]
   neural_decompiler.encoding_read.write_results_state lines [372, 374, 375]
   neural_decompiler.frame_channels.freeze_confirmation lines [567, 568]
   neural_decompiler.frame_channels.write_results_state lines [616, 618, 619]
   neural_decompiler.head_pattern.freeze_confirmation lines [741, 742]
   neural_decompiler.head_pattern.write_results_state lines [790, 792, 793]
   neural_decompiler.head_transport.freeze_confirmation lines [361, 362]
   neural_decompiler.head_transport.run_exploration lines [846]
   neural_decompiler.head_transport.write_results_state lines [397, 399, 400]
   neural_decompiler.layer_correction.freeze_confirmation lines [573, 574]
   neural_decompiler.layer_correction.write_results_state lines [681, 683, 684]
   neural_decompiler.neuron_feature.freeze_confirmation lines [455, 456]
   neural_decompiler.neuron_feature.write_results_state lines [503, 505, 506]
   neural_decompiler.plural_mechanism.export_program_parameters lines [2017, 2040, 2049]
   neural_decompiler.plural_mechanism.freeze_extension lines [396, 397]
   neural_decompiler.plural_mechanism.write_results_state lines [535, 537, 538]
   neural_decompiler.provenance.write_json lines [156]
   neural_decompiler.read_assembly.write_results_state lines [152, 154, 155]
   neural_decompiler.readout_decompilation.freeze_confirmation lines [1119, 1120]
   neural_decompiler.readout_decompilation.write_results_state lines [1157, 1158]
   neural_decompiler.readout_routing.save_durably lines [1721, 1722, 1723]
   neural_decompiler.readout_routing.write_state_atomic lines [1736, 1737, 1739, 1743, 1746]
   neural_decompiler.supervised_subspace.export_program lines [438, 456, 462]
   neural_decompiler.upstream_localization.write_table lines [464, 465, 466]
   run024.Runner.calibrate lines [421]
   run024.Runner.freeze lines [269, 270]
   run024.Runner.lock lines [496, 497, 499]
   run024.Runner.report lines [645, 646]
reachable functions (over-approximation): 478; unresolved method names widened: 67
write-capable functions reachable: []
STATIC NO WRITER REACHED; guard refused=0
GUARD SUMMARY: refused=0 selftest_cases=18 (all as expected) subprocesses=0 outside_write_events={'open': 1, 'os.remove': 1}
GUARD outside write [open]: /private/var/folders/q_/1567wb8j0_q7d7myb3vkvfk40000gn/T/eo2jiaxg
GUARD outside write [os.remove]: /private/var/folders/q_/1567wb8j0_q7d7myb3vkvfk40000gn/T/eo2jiaxg
