====================================================================================================
the invocation
launcher: started 2026-09-25T19:31:56.342911+00:00; confirm 2026-09-25T19:31:56.643453+00:00 → 2026-09-25T19:38:45.531056+00:00; exit status 0; error None
counts {'confirm_invocations': 1, 'load_model': 1, 'capture_prompt': 4320, 'run_patched': 0, 'run_capture': 4320, 'run_interventions': 0, 'prompt_log_errors': 0}
events {'repository_writes_outside_outputs': [], 'output_writes': {'.results-fnoad11_.json': 1, 'stage2-measurements.pt': 1, '.results-cbhu0q3y.json': 1, '.results-jj7dl25k.json': 1, '.results-2fxi5bol.json': 1, '.results-wq8myllr.json': 1, '.results-tqff0e5n.json': 1, '.results-xcvxm6sb.json': 1, '.results-y6lnmjwk.json': 1, '.results-lye76mkj.json': 1}, 'forbidden_reads': [], 'relative_opens': 0, 'hook_errors': 0}
launcher exit file: launcher exit 0 at 2026-09-25T19:38:46Z
[ok] confirm invoked exactly once by the launcher; one model load
[ok] the launcher's sentinel exists (a second launch is refused): --confirm-once 2026-09-25T19:31:55.124135+00:00 pid 83432
[ok] no repository write outside outputs/experiment-024; no forbidden read; no hook error
[ok] the direct module-blob assertion agreed before the load: {'expected_lock_blob': 'e6cb37767d1d06c6ff40804a88eab569723afdb5', 'observed_rr_own_blob': 'e6cb37767d1d06c6ff40804a88eab569723afdb5', 'git_hash_object_of_imported_file': 'e6cb37767d1d06c6ff40804a88eab569723afdb5', 'imported_path': '/Users/gaborhorvath-ulenius/myprojects/neural-decompiler/src/neural_decompiler/readout_routing.py'}
[ok] environment: 4 threads, offline, the pinned checkpoint, af160ce clean: {'torch': '2.14.0', 'transformers': '5.17.0', 'transformer-lens': '3.9.0', 'huggingface-hub': '1.31.0', 'numpy': '2.5.3', 'safetensors': '0.8.0', 'tokenizers': '0.23.2'}
====================================================================================================
the results state
state sha256 076ab9f984f3ba6244b4df767d8c8fd7ebd40a634521a46a3b881d7da1604e92; file sha256 e636210c84a4f3f329e9a5fde5baa493d730b6bf77cb419273056e6c89085a7a; phases {'calibrate': 'complete', 'confirm': 'complete', 'lock': 'complete', 'report': 'not_started'}
confirm phase: {'completed_at': '2026-09-25T19:37:04+00:00', 'confirm_commit': 'af160cee0389bcdaf12bcbd92a8616f142777a52', 'lock_sha256': 'a39668bfa75e693a7f886b41aeb4bc2c0787ba46f02cc8bd2fdf3d4dd4fc0739', 'started_at': '2026-09-25T19:32:10+00:00', 'status': 'complete'}
incident: None; phase incidents: None
[ok] report not started
[ok] a second confirm is refused by the phase rule: confirm already started; it runs once, never resumes, and a second attempt requires a new protocol version
[ok] I7 reproduced bit for bit before any prompt: {'bitwise_equal': True, 'differing': [], 'scores_sha256': 'a703ac16c01f0960100ce1e9db470dfd04c0ce4251319d135fd57e38197d4995'}
[ok] confirm ran at af160ce: af160cee0389bcdaf12bcbd92a8616f142777a52
====================================================================================================
the prompt accounting
state accounting: {'equal': True, 'executed': 4320, 'ledger': 4320, 'manifest': 4320}
[ok] the ledger holds exactly the 4,320 manifest keys (no missing, duplicate, extra or outside key): 4320 keys
[ok] the launcher's prompt log: 4,320 captures, each manifest key exactly once, numbered 1…4,320: 4320 lines, 4320 distinct
[ok] capture count == the prompt log == 4,320 (run_capture is capture_prompt's own inner call); no patched run or intervention: {'confirm_invocations': 1, 'load_model': 1, 'capture_prompt': 4320, 'run_patched': 0, 'run_capture': 4320, 'run_interventions': 0, 'prompt_log_errors': 0}
[ok] the runner's accounting is equal (manifest 4,320, executed 4,320, ledger 4,320): {'equal': True, 'executed': 4320, 'ledger': 4320, 'manifest': 4320}
accounting digests: {'manifest_sha256': 'fcc437fca9730b8599333eeac95807786570f0d03bd01e49f52daec76ed4e32d', 'ledger_sorted_sha256': '5f386b5353e5ad1fa021b606c63ef507fbe22fa34852c4ed24f91cde13efe627', 'prompt_log_sequence_sha256': '7654c0e532bee29271e2a95502c0558726cc101d029fff9418c7fa1bafbc0974', 'manifest_sorted_sha256': '5f386b5353e5ad1fa021b606c63ef507fbe22fa34852c4ed24f91cde13efe627'}
[ok] ledger (sorted) digest == manifest (sorted) digest
[ok] the manifest digest is the lock's fcc437fc…
descriptive: the prompt log follows the manifest's stored order: False
[ok] zero collision of the executed keys with the 39,312 spent keys
noun ledger: 80 nouns
prompt log: first cardinal-009-1|king|6963 at 1790364730.705, last quantifier-new-2|merry|49570 at 1790364901.147 (170.4 s)
====================================================================================================
the stage-2 measurement artifact
path /Users/gaborhorvath-ulenius/myprojects/neural-decompiler/outputs/experiment-024/stage2-measurements.pt; bytes 76314087; file sha256 b21babe189d1cccb9ae359cfabf74baaa3a8337cac04612bc0d4aaa232b4dc93; n_executed 4320
  Y1/coordinated/ceiling: shape [1440, 79] dtype torch.float64 digest 3ef63e0076530f12b302d094a9db6ec9c1d3d413aaa6ced5668f0e066770a445
  Y1/coordinated/dc: shape [1440, 79] dtype torch.float64 digest 190f48814bd2eac7ca3d73facd190e6f6fda1151b80d725db671f5e0f78c43e0
  Y1/coordinated/dx1: shape [1440, 2, 512] dtype torch.float64 digest 164bd6ed6acdca36e8030da13f3b20f94eb0c04644d41ed4b62b93defd8283f2
  Y1/coordinated/dx3: shape [1440, 2, 512] dtype torch.float64 digest 422439494916fb25feed4a30b081f70046aab3f5a2c71009c2fe1224db586d46
  Y1/coordinated/positions: shape [1440, 2] dtype torch.int64 digest 606062edeb075b2df038958c2c5b7f3ee25928ba63d255f5f72d2090cbc74da1
  Y1/cue_final/ceiling: shape [2880, 79] dtype torch.float64 digest 35b563decaba7e0e17fa6c9dc54ae4c4bd366e921d9202c3c3a4950d5bccc590
  Y1/cue_final/dc: shape [2880, 79] dtype torch.float64 digest 4e15992dfe7eed7ef5745c659171b76cb0d4bc089da17a614d298b55e3b1719b
  Y1/cue_final/dx1: shape [2880, 2, 512] dtype torch.float64 digest 5b996e844643e2133701563533ab1f9978f8f313fe57c94a32bebed68dbf14b3
  Y1/cue_final/dx3: shape [2880, 2, 512] dtype torch.float64 digest 10067fbff504bd88beb4d0b7d7067c0a78b7602be71f60752ff1e062f1f9d099
  Y1/cue_final/positions: shape [2880, 2] dtype torch.int64 digest 9973307c080d835dfdf07114d929f4f0a196f6e40a9ee146888e9b7909045397
  Y2/coordinated/ceiling: shape [0, 79] dtype torch.float64 digest 86a734c18c5c99e30d195c8c0ecad8b3a9975c7c0b25e7cfcd306671071d512e
  Y2/coordinated/dc: shape [0, 79] dtype torch.float64 digest 86a734c18c5c99e30d195c8c0ecad8b3a9975c7c0b25e7cfcd306671071d512e
  Y2/coordinated/dx1: shape [0, 2, 512] dtype torch.float64 digest a5a513bfaf0cf46a64ffa0fae67e10d111d1b142e8a0e44068d51609f22b8023
  Y2/coordinated/dx3: shape [0, 2, 512] dtype torch.float64 digest a5a513bfaf0cf46a64ffa0fae67e10d111d1b142e8a0e44068d51609f22b8023
  Y2/coordinated/positions: shape [0, 2] dtype torch.int64 digest 912167b677a3a5e989045e8d3b7a037ca823c08287ae327c75a34e5b25dfb6eb
  Y2/cue_final/ceiling: shape [0, 79] dtype torch.float64 digest 86a734c18c5c99e30d195c8c0ecad8b3a9975c7c0b25e7cfcd306671071d512e
  Y2/cue_final/dc: shape [0, 79] dtype torch.float64 digest 86a734c18c5c99e30d195c8c0ecad8b3a9975c7c0b25e7cfcd306671071d512e
  Y2/cue_final/dx1: shape [0, 2, 512] dtype torch.float64 digest a5a513bfaf0cf46a64ffa0fae67e10d111d1b142e8a0e44068d51609f22b8023
  Y2/cue_final/dx3: shape [0, 2, 512] dtype torch.float64 digest a5a513bfaf0cf46a64ffa0fae67e10d111d1b142e8a0e44068d51609f22b8023
  Y2/cue_final/positions: shape [0, 2] dtype torch.int64 digest 912167b677a3a5e989045e8d3b7a037ca823c08287ae327c75a34e5b25dfb6eb
[ok] the tensor digests re-derived from disk == the state's
[ok] pairs: 4,320 in total across the groups; every tensor row count matches its group: {'cue_final': 2880, 'coordinated': 1440}
[ok] every saved measurement is finite
====================================================================================================
the validity and identity checks
C recomputed from the saved Δx3: {'at': '', 'bitwise_equal': True, 'max': 0.0, 'pairs': 4320}
  I1: max 1.5317713646822995e-05 at poets|cardinal-new-2 (tolerance 1e-04)
  I3: max 2.1161813141654138e-05 at merry|cardinal-016-4 (tolerance 1e-04)
  I4: max 6.424818726813442e-05 at sleepy|coordinated-adjective-018-1 (tolerance 1e-03)
[ok] C recomputed from the saved Δx3 bit for bit, all 4,320 pairs: {'at': '', 'bitwise_equal': True, 'max': 0.0, 'pairs': 4320}
[ok] I1, I3 and I4 within their tolerances
====================================================================================================
the result (re-derived from the saved measurements with the canonical functions, compared bit for bit)
[ok] per-cue MSE, ρ, the guard and the outcome re-derived from disk == the recorded result, bit for bit
PRIMARY: ρ = 0.6108818011257036 (Spearman across 40 cues; cross-check difference 0.0); locked threshold 0.3136960600375234 (bound by null_975); F_ρ 0.24411074612857814; result PASS
[ok] the primary comparison is against the locked threshold only
E–N GUARD: D_EN = 0.5680373703974243 (exact 20465703117234853/36028797018963968); K = 1 of 12870 (K/12,870 = 7.77000777000777e-05); passes iff K ≤ 321; result PASS; ratio of geometric means 1.7648000015535945; float check {'assignments': 12870, 'complement_identity': True, 'float_difference': 1.1102230246251565e-16}
OUTCOME: NOUNNESS_PREDICTS_READOUT_ERROR_BEYOND_SIMPLE_PLURALITY_OR_MEASURE_CLASS
[ok] the outcome is the installed function of the two results
per-cue (frozen order): class word nounness MSE log MSE predicted log MSE
  N honest    -0.229351 0.059384 -2.823726 -2.779233
  N polite    -0.190319 0.073532 -2.610040 -2.728523
  N rude      -0.124397 0.070628 -2.650328 -2.642878
  N sleepy    -0.137109 0.057631 -2.853695 -2.659393
  N wise      -0.194409 0.054583 -2.908028 -2.733836
  N lucky     -0.133006 0.086308 -2.449829 -2.654062
  N merry     -0.115091 0.074708 -2.594173 -2.630786
  N nervous   -0.045076 0.094070 -2.363716 -2.539824
  B gallons   +0.165140 0.101779 -2.284949 -2.266710
  B ounces    +0.075969 0.098775 -2.314914 -2.382561
  B acres     +0.163119 0.120283 -2.117910 -2.269336
  B herds     +0.396574 0.143955 -1.938252 -1.966031
  B crowds    +0.237157 0.140660 -1.961413 -2.173146
  B bundles   +0.292795 0.101598 -2.286732 -2.100861
  B clusters  +0.261779 0.118432 -2.133415 -2.141157
  B litres    +0.006685 0.125779 -2.073226 -2.472575
  D gallon    +0.049840 0.183428 -1.695930 -2.416509
  D ounce     -0.065554 0.077189 -2.561494 -2.566428
  D acre      -0.031826 0.150771 -1.891994 -2.522609
  D herd      +0.302937 0.116670 -2.148407 -2.087683
  D crowd     +0.197860 0.106157 -2.242835 -2.224201
  D bundle    +0.147352 0.091167 -2.395057 -2.289820
  D cluster   +0.163475 0.082468 -2.495351 -2.268874
  D litre     +0.045189 0.093842 -2.366139 -2.422550
  C apples    +0.222966 0.152490 -1.880655 -2.191583
  C horses    +0.345916 0.117900 -2.137923 -2.031845
  C doctors   +0.318650 0.107691 -2.228487 -2.067269
  C kings     +0.206190 0.115493 -2.158547 -2.213379
  C rabbits   +0.323953 0.170652 -1.768128 -2.060380
  C poets     +0.314666 0.117044 -2.145202 -2.072446
  C dragons   +0.318209 0.156312 -1.855901 -2.067843
  C lions     +0.309718 0.134637 -2.005175 -2.078874
  E apple     +0.167462 0.118032 -2.136802 -2.263693
  E horse     +0.298294 0.142796 -1.946341 -2.093716
  E doctor    +0.217681 0.121935 -2.104269 -2.198449
  E king      +0.117490 0.113273 -2.177955 -2.328617
  E rabbit    +0.128639 0.157289 -1.849670 -2.314133
  E poet      +0.165999 0.101705 -2.285679 -2.265594
  E dragon    +0.188226 0.111147 -2.196900 -2.236716
  E lion      +0.108452 0.133772 -2.011619 -2.340360
  N: MSE min 0.054583 max 0.094070 mean 0.071356; mean log MSE -2.656692
  B: MSE min 0.098775 max 0.143955 mean 0.118908; mean log MSE -2.138851
  D: MSE min 0.077189 max 0.183428 mean 0.112712; mean log MSE -2.224651
  C: MSE min 0.107691 max 0.170652 mean 0.134027; mean log MSE -2.022502
  E: MSE min 0.101705 max 0.157289 mean 0.124994; mean log MSE -2.088655
====================================================================================================
the descriptive records (no outcome force)
records: ['contrasts', 'ladder', 'secondary']; failures: None
{
 "contrasts": {
  "class_means_log_mse": {
   "B": -2.138851423084727,
   "C": -2.022502233103875,
   "D": -2.224650976223084,
   "E": -2.0886545146087068,
   "N": -2.656691885006131
  },
  "contrasts": {
   "measure effect among nouns": {
    "definition": "mean(m_B, m_D) \u2212 mean(m_C, m_E)",
    "interval": [
     -0.252302190560207,
     0.004178995226172155
    ],
    "value": -0.12617282579761468
   },
   "measure \u00d7 plurality interaction (descriptive)": {
    "definition": "(m_B \u2212 m_D) \u2212 (m_C \u2212 m_E)",
    "interval": [
     -0.24410634513539664,
     0.27145578376237145
    ],
    "value": 0.01964727163352542
   },
   "noun effect": {
    "definition": "mean(m_B, m_C, m_D, m_E) \u2212 m_N",
    "interval": [
     0.39454502326381435,
     0.6773749888624114
    ],
    "value": 0.5380270982510327
   },
   "plurality effect among nouns": {
    "definition": "mean(m_B, m_C) \u2212 mean(m_D, m_E)",
    "interval": [
     -0.05825263785648582,
     0.20346652876814852
    ],
    "value": 0.07597591732159437
   }
  },
  "elements": [
   249,
   9750
  ],
  "force": "descriptive only; no explanation is declared a winner; the outcome is unchanged",
  "readings": [
   "a positive noun effect, with measure and plurality effects near 0, is consistent with the nounness account",
   "a measure effect with little plurality effect is consistent with measure semantics",
   "a plurality effect with little measure effect is consistent with plural morphology"
  ],
  "resamples": 10000,
  "tag": "024|contrast"
 },
 "ladder": {
  "level1_identity": {
   "at": "litres|cardinal-012-1",
   "force": "descriptive only; not a gate",
   "max": 0.009929305188346005,
   "tolerance": 0.02,
   "within": true
  },
  "per_class": {
   "B": {
    "block4_attention": 0.6016721360459819,
    "block5_attention": 0.3983155906983223,
    "sse": {
     "C": 8116.1588241098425,
     "C5": 4883.36622788313,
     "L1": 0.09961169251606958
    }
   },
   "C": {
    "block4_attention": 0.5754531100398158,
    "block5_attention": 0.42453629163818735,
    "sse": {
     "C": 9148.17270189557,
     "C5": 5264.441387767128,
     "L1": 0.09695527997702737
    }
   },
   "D": {
    "block4_attention": 0.6742534908569285,
    "block5_attention": 0.3257336742999936,
    "sse": {
     "C": 7693.2445096315105,
     "C5": 5187.295708220986,
     "L1": 0.09874158604126788
    }
   },
   "E": {
    "block4_attention": 0.7295432589914062,
    "block5_attention": 0.2704450836250423,
    "sse": {
     "C": 8531.556508112375,
     "C5": 6224.23899482415,
     "L1": 0.09945562650674865
    }
   },
   "N": {
    "block4_attention": 0.5902109625411728,
    "block5_attention": 0.40976912215686445,
    "sse": {
     "C": 4870.442108482056,
     "C5": 2874.685321173536,
     "L1": 0.09699632528277022
    }
   }
  }
 },
 "secondary": {
  "line": {
   "extrapolated": {
    "mean_signed_log_error": 0.03370760096215699,
    "median_abs_log_error": 0.10523683553560437,
    "n": 23
   },
   "mean_signed_log_error": 0.09284187034320483,
   "median_abs_log_error": 0.12268655323762379,
   "per_class": {
    "B": {
     "mean_signed_log_error": 0.08269569567283996,
     "median_abs_log_error": 0.10953668475687461
    },
    "C": {
     "mean_signed_log_error": 0.07545004925402432,
     "median_abs_log_error": 0.13364741040852146
    },
    "D": {
     "mean_signed_log_error": 0.1251833008066896,
     "median_abs_log_error": 0.08298040629200254
    },
    "E": {
     "mean_signed_log_error": 0.16650526183452194,
     "median_abs_log_error": 0.1371323067247906
    },
    "N": {
     "mean_signed_log_error": 0.014375044147948324,
     "median_abs_log_error": 0.14633707303839816
    }
   },
   "within_range": {
    "mean_signed_log_error": 0.17284705832932837,
    "median_abs_log_error": 0.17419146544452024,
    "n": 17
   }
  },
  "nmse_spearman": 0.5919324577861164,
  "per_cue": [
   {
    "R2_C": 0.9630727962804974,
    "above_calibration_maximum": false,
    "bias": -0.042581430455582076,
    "class": "N",
    "nmse": 0.0036162692953220403,
    "slope_dc_on_c": 0.9877066354407149,
    "var_dc": 1.6081437716959446,
    "word": "honest"
   },
   {
    "R2_C": 0.9612086423640509,
    "above_calibration_maximum": false,
    "bias": -0.029175377799758956,
    "class": "N",
    "nmse": 0.004325189809405815,
    "slope_dc_on_c": 1.0019152249502479,
    "var_dc": 1.8955664654703615,
    "word": "polite"
   },
   {
    "R2_C": 0.9659979858123,
    "above_calibration_maximum": false,
    "bias": -0.016364426401626393,
    "class": "N",
    "nmse": 0.003487367262041143,
    "slope_dc_on_c": 1.0075642874961281,
    "var_dc": 2.077171490994156,
    "word": "rude"
   },
   {
    "R2_C": 0.9716574184123647,
    "above_calibration_maximum": false,
    "bias": -0.042319733797476465,
    "class": "N",
    "nmse": 0.0030415517872465552,
    "slope_dc_on_c": 1.0073818918813287,
    "var_dc": 2.0333718687431377,
    "word": "sleepy"
   },
   {
    "R2_C": 0.9658205860376816,
    "above_calibration_maximum": false,
    "bias": -0.019564091750726785,
    "class": "N",
    "nmse": 0.0030812979849917125,
    "slope_dc_on_c": 1.0108092603283483,
    "var_dc": 1.5969631423676995,
    "word": "wise"
   },
   {
    "R2_C": 0.9596822707060445,
    "above_calibration_maximum": false,
    "bias": -0.054716515821710165,
    "class": "N",
    "nmse": 0.004296250749049488,
    "slope_dc_on_c": 1.0189218595611949,
    "var_dc": 2.1407052061788163,
    "word": "lucky"
   },
   {
    "R2_C": 0.9600394337600633,
    "above_calibration_maximum": false,
    "bias": -0.06171891149689598,
    "class": "N",
    "nmse": 0.003631236362528923,
    "slope_dc_on_c": 1.0020716453521032,
    "var_dc": 1.869533768976499,
    "word": "merry"
   },
   {
    "R2_C": 0.959324063157933,
    "above_calibration_maximum": false,
    "bias": 0.0003780765329168294,
    "class": "N",
    "nmse": 0.004924017178594574,
    "slope_dc_on_c": 1.0161610852668541,
    "var_dc": 2.3126693322729484,
    "word": "nervous"
   },
   {
    "R2_C": 0.9398427766761266,
    "above_calibration_maximum": true,
    "bias": 0.07091078309315335,
    "class": "B",
    "nmse": 0.008124650693894243,
    "slope_dc_on_c": 1.0021698059177377,
    "var_dc": 1.6918873740459968,
    "word": "gallons"
   },
   {
    "R2_C": 0.9389247690011852,
    "above_calibration_maximum": false,
    "bias": 0.07087228815889648,
    "class": "B",
    "nmse": 0.00809715232922282,
    "slope_dc_on_c": 0.9965993292639519,
    "var_dc": 1.6172626024023318,
    "word": "ounces"
   },
   {
    "R2_C": 0.93073316639247,
    "above_calibration_maximum": true,
    "bias": 0.08351811966504273,
    "class": "B",
    "nmse": 0.010371674088757643,
    "slope_dc_on_c": 1.0235326377147962,
    "var_dc": 1.736512558931883,
    "word": "acres"
   },
   {
    "R2_C": 0.9240768034826781,
    "above_calibration_maximum": true,
    "bias": -0.03056417013871588,
    "class": "B",
    "nmse": 0.009255503164049368,
    "slope_dc_on_c": 1.0200429083198956,
    "var_dc": 1.896065187159492,
    "word": "herds"
   },
   {
    "R2_C": 0.9319783208132904,
    "above_calibration_maximum": true,
    "bias": 0.07084635846637635,
    "class": "B",
    "nmse": 0.010818129953542291,
    "slope_dc_on_c": 1.031551032336079,
    "var_dc": 2.067863393195179,
    "word": "crowds"
   },
   {
    "R2_C": 0.9431644985047798,
    "above_calibration_maximum": true,
    "bias": 0.05775109283906788,
    "class": "B",
    "nmse": 0.008055767669120336,
    "slope_dc_on_c": 1.0088171945245108,
    "var_dc": 1.787578144494008,
    "word": "bundles"
   },
   {
    "R2_C": 0.9407025266609167,
    "above_calibration_maximum": true,
    "bias": 0.03750402218566347,
    "class": "B",
    "nmse": 0.008238851294247757,
    "slope_dc_on_c": 1.035619460988959,
    "var_dc": 1.997255646454361,
    "word": "clusters"
   },
   {
    "R2_C": 0.9518842077696186,
    "above_calibration_maximum": false,
    "bias": 0.009593833641984089,
    "class": "B",
    "nmse": 0.008654866871376113,
    "slope_dc_on_c": 1.0344563130877127,
    "var_dc": 2.614097095726028,
    "word": "litres"
   },
   {
    "R2_C": 0.9335342533770279,
    "above_calibration_maximum": false,
    "bias": -0.0967713565830645,
    "class": "D",
    "nmse": 0.009331476163393282,
    "slope_dc_on_c": 1.0106924542143563,
    "var_dc": 2.7597444747365,
    "word": "gallon"
   },
   {
    "R2_C": 0.9531103976796914,
    "above_calibration_maximum": false,
    "bias": 0.0303757058078415,
    "class": "D",
    "nmse": 0.005029264799382127,
    "slope_dc_on_c": 0.98571391663688,
    "var_dc": 1.6461922250722287,
    "word": "ounce"
   },
   {
    "R2_C": 0.9356399622462971,
    "above_calibration_maximum": false,
    "bias": -0.018841599949070933,
    "class": "D",
    "nmse": 0.009668746142495037,
    "slope_dc_on_c": 1.022590232841965,
    "var_dc": 2.3426169230947527,
    "word": "acre"
   },
   {
    "R2_C": 0.9302090257446899,
    "above_calibration_maximum": true,
    "bias": 0.00474539097864818,
    "class": "D",
    "nmse": 0.0066268668266613465,
    "slope_dc_on_c": 0.9881525012862933,
    "var_dc": 1.671703446422093,
    "word": "herd"
   },
   {
    "R2_C": 0.9459170521835011,
    "above_calibration_maximum": true,
    "bias": -0.008029673309914309,
    "class": "D",
    "nmse": 0.005938509326254149,
    "slope_dc_on_c": 1.0060203283062272,
    "var_dc": 1.9628577232273037,
    "word": "crowd"
   },
   {
    "R2_C": 0.948173670813542,
    "above_calibration_maximum": true,
    "bias": 0.030769471975456205,
    "class": "D",
    "nmse": 0.0055050802020488255,
    "slope_dc_on_c": 0.9960973376464872,
    "var_dc": 1.7590955638812733,
    "word": "bundle"
   },
   {
    "R2_C": 0.9476843332990833,
    "above_calibration_maximum": true,
    "bias": -0.045063871361273905,
    "class": "D",
    "nmse": 0.004556669815411144,
    "slope_dc_on_c": 0.9931571786649555,
    "var_dc": 1.5763450253751163,
    "word": "cluster"
   },
   {
    "R2_C": 0.9512924359124827,
    "above_calibration_maximum": false,
    "bias": 0.05416739041942136,
    "class": "D",
    "nmse": 0.007192981709602621,
    "slope_dc_on_c": 1.0229227862660244,
    "var_dc": 1.9266481940092897,
    "word": "litre"
   },
   {
    "R2_C": 0.9250119747067549,
    "above_calibration_maximum": true,
    "bias": 0.06976985415227094,
    "class": "C",
    "nmse": 0.011967676051501749,
    "slope_dc_on_c": 1.009672855069432,
    "var_dc": 2.0335262855394762,
    "word": "apples"
   },
   {
    "R2_C": 0.9324895748264276,
    "above_calibration_maximum": true,
    "bias": 0.023467766476744287,
    "class": "C",
    "nmse": 0.008592749444670996,
    "slope_dc_on_c": 1.0016375060659046,
    "var_dc": 1.7463898246739114,
    "word": "horses"
   },
   {
    "R2_C": 0.9460453303455484,
    "above_calibration_maximum": true,
    "bias": -0.01780564094972347,
    "class": "C",
    "nmse": 0.006531309516179945,
    "slope_dc_on_c": 1.024578066436904,
    "var_dc": 1.9959581713883414,
    "word": "doctors"
   },
   {
    "R2_C": 0.9376997478207458,
    "above_calibration_maximum": true,
    "bias": -0.016647582178745016,
    "class": "C",
    "nmse": 0.007868307957600098,
    "slope_dc_on_c": 1.025201551583496,
    "var_dc": 1.8538101110373364,
    "word": "kings"
   },
   {
    "R2_C": 0.9077187797525488,
    "above_calibration_maximum": true,
    "bias": 0.17252835309280543,
    "class": "C",
    "nmse": 0.015521383842239563,
    "slope_dc_on_c": 1.0370546705191,
    "var_dc": 1.8492611276752957,
    "word": "rabbits"
   },
   {
    "R2_C": 0.939493722738002,
    "above_calibration_maximum": true,
    "bias": 0.05686338054114236,
    "class": "C",
    "nmse": 0.007895771916925505,
    "slope_dc_on_c": 1.0230358218916908,
    "var_dc": 1.9344164370781511,
    "word": "poets"
   },
   {
    "R2_C": 0.9132440333647563,
    "above_calibration_maximum": true,
    "bias": 0.08319014759592522,
    "class": "C",
    "nmse": 0.012970632221398834,
    "slope_dc_on_c": 1.0278543736071708,
    "var_dc": 1.8017447699557116,
    "word": "dragons"
   },
   {
    "R2_C": 0.9264796456313827,
    "above_calibration_maximum": true,
    "bias": 0.11784146184736002,
    "class": "C",
    "nmse": 0.01141417072293146,
    "slope_dc_on_c": 1.0244761923114947,
    "var_dc": 1.8312855361738778,
    "word": "lions"
   },
   {
    "R2_C": 0.9298742756503016,
    "above_calibration_maximum": true,
    "bias": 0.04201473145767718,
    "class": "E",
    "nmse": 0.008080628762151347,
    "slope_dc_on_c": 0.9849855164932908,
    "var_dc": 1.683143487189524,
    "word": "apple"
   },
   {
    "R2_C": 0.9285836752267389,
    "above_calibration_maximum": true,
    "bias": 0.059352243247813935,
    "class": "E",
    "nmse": 0.008148588948230345,
    "slope_dc_on_c": 0.9817040105034137,
    "var_dc": 1.9994803747332868,
    "word": "horse"
   },
   {
    "R2_C": 0.9426522712774439,
    "above_calibration_maximum": true,
    "bias": -0.0526043625487026,
    "class": "E",
    "nmse": 0.006428709778800866,
    "slope_dc_on_c": 1.001068594186788,
    "var_dc": 2.1262359356248237,
    "word": "doctor"
   },
   {
    "R2_C": 0.935618359114471,
    "above_calibration_maximum": false,
    "bias": -0.08683826721387622,
    "class": "E",
    "nmse": 0.006805890836201149,
    "slope_dc_on_c": 1.0014009926600618,
    "var_dc": 1.7593980292474214,
    "word": "king"
   },
   {
    "R2_C": 0.9188847427336116,
    "above_calibration_maximum": false,
    "bias": 0.08680435328363713,
    "class": "E",
    "nmse": 0.010747111453589819,
    "slope_dc_on_c": 1.0216004975683834,
    "var_dc": 1.9390802481129121,
    "word": "rabbit"
   },
   {
    "R2_C": 0.9445975800875039,
    "above_calibration_maximum": true,
    "bias": -0.04343231821682303,
    "class": "E",
    "nmse": 0.005918295894009327,
    "slope_dc_on_c": 1.0089824881969076,
    "var_dc": 1.835748953463594,
    "word": "poet"
   },
   {
    "R2_C": 0.9399278231088191,
    "above_calibration_maximum": true,
    "bias": -0.02471370636568792,
    "class": "E",
    "nmse": 0.006560294662177072,
    "slope_dc_on_c": 1.0054625179006214,
    "var_dc": 1.8502279287683463,
    "word": "dragon"
   },
   {
    "R2_C": 0.9313446410832849,
    "above_calibration_maximum": false,
    "bias": -0.02893913629640951,
    "class": "E",
    "nmse": 0.00924118785932138,
    "slope_dc_on_c": 0.9939518590007462,
    "var_dc": 1.948455962132119,
    "word": "lion"
   }
  ],
  "spearman_by_group": {
   "coordinated": 0.697560975609756,
   "cue_final": 0.5859287054409006
  }
 }
}
====================================================================================================
the repository and the outputs
HEAD af160cee0389bcdaf12bcbd92a8616f142777a52; origin/main af160cee0389bcdaf12bcbd92a8616f142777a52; remote af160cee0389bcdaf12bcbd92a8616f142777a52; tree clean
outputs/experiment-024: ['calibration-arrays.pt', 'candidate-calibration.json', 'candidate-lock.json', 'candidate-preregistration.md', 'results.json', 'stage2-measurements.pt']
[ok] HEAD == origin == remote == af160ce; tree clean
[ok] the installed lock and preregistration are unchanged
[ok] no report was written
[ok] no repository write by this verification: []
FAILURES: none
