PASS  guard: one model load, forward refusal installed, 022 table never touched  
   HF blobs opened: ['0204ed10c186a4c7c68f55dff8f26087a45898d6', 'd7a9196e329eaf06d6e2802fed376e7459834236', 'f1860edb10f80bcaf7b023fce47c68a23b724c23', 'f74dfbfab8f97770a87769c739fb080c21c8bacc']
state_sha256 174390d11fada228615394e0a42d88abaae6476a55eae128960f9c5176f3b2f0 | results.json file a3344e8380c67b330cf86c827290c80a84678cf8b94d3445ccae1dc753dd834e
PASS  lock complete once at HEAD; confirm/report not_started; no incident; ledgers empty  2026-09-24T16:51:57+00:00
   candidate-lock.json: 29896 bytes, sha256 4bd5a5b14627768d49398c273fa1ce387db2e4739d7d31b7258072ef48beac9c
   candidate-preregistration.md: 3583 bytes, sha256 dc198785b6350d20165f589236741f5f08ffc845da33840ca156c7d71780dc07
   candidate-locked-y1-table.f64: 3276288 bytes, sha256 37603f058500e056214a8a6ae413ef2b27eb94c5e1d618caaa8c9a61121a2f96
   candidate-locked-y1-table.json: 101594 bytes, sha256 3bf85e186db7dfbf8c80f45557275058317e259cb5995dcd2f73e327dfd9644d
PASS  lock content digest == state  97ca520f342e212d5172b1476e9d5a80c6c2622f80a4f99f4e15e0a399007117
PASS  lock file is canonical JSON + newline  
PASS  preregistration == render(lock), sha == state  
PASS  Y1 table digests == state and lock  
PASS  lock header: experiment, run, commit, inputs, pins, design, plan, constants  
PASS  lock binds the committed calibration record  
PASS  lock binds the committed exposed cells  
PASS  lock binds the committed confirmation (+ counts, manifest sizes)  
PASS  conditions == the record's envelopes + the guard  
PASS  semantics, program, nouns, exposed states  
PASS  Y2 specification == the frozen construction for the committed confirmation  [{"name": "cue_final", "shape": [288, 2, 79]}, {"name": "coordinated", "shape": [144, 2, 79]}]
PASS  Y1 table: layout [1728, 2, 79] + [864, 2, 79], 3,276,288 bytes, bytes == index, meta == frozen  
PASS  I5 exactly 0; block-0 algebra ≤ 1e-12  {"I5": {"at": "", "max": 0.0}, "algebra": {"at": "stacks|coordinated-adjective-015-1", "max": 4.884981308350689e-15}}
   conditions: {"Y1/coordinated": 0.9986343903419131, "Y1/cue_final": 0.9968974947302105, "Y2/coordinated": 0.9951864564481918, "Y2/cue_final": 0.9950528086546427}
PASS  HEAD unchanged; tree clean; nothing installed  
PASS  no Y2 table and no stage-2 file yet  

VERIFY LOCK: ALL PASS
