[ok] HEAD == origin/main == ls-remote == be74d23: be74d23d086bd12d894db1f73e6a1b4160aeebd5 / be74d23d086bd12d894db1f73e6a1b4160aeebd5 / be74d23d086bd12d894db1f73e6a1b4160aeebd5
[ok] working tree clean (no untracked file either)
[ok] candidate lock file sha256: 5c2a9b903803536d75a453f00b5da5bcf88c3298fd86193bda5525bc4c88798d
[ok] candidate lock content sha256 (stored == recomputed == expected): a39668bfa75e693a7f886b41aeb4bc2c0787ba46f02cc8bd2fdf3d4dd4fc0739
[ok] candidate lock is canonical JSON plus one newline
[ok] candidate preregistration sha256: 007c9e6cd7c1b9bf3bf57ad36a4ee0338b6081d9fb3256b953e898475314db54
[ok] candidate preregistration == render_preregistration(candidate lock)
[ok] results state digest: 58891c2416684785cb52437069beebcaa198ea3674c6d4b9d8480c103aadc65d
[ok] results state file sha256 (unchanged since the lock run): 14459cdde6ec2d832c3965d5b0ebaadaf06cef6aa0b0460c3a31b29dd442b262
[ok] the state binds these candidates
[ok] freeze: installed bytes unchanged (file, content, == HEAD blob): 68510e1b902b5ee3442caf9c7bbbd337abe5bbbf04766d8bfa98c09e4b199b60
[ok] freeze: committed exactly once: ['566eb6f']
[ok] calibration: installed bytes unchanged (file, content, == HEAD blob): 81fb499edf022ae6430beb2be1dbb36584a205ad3483d727ce98393643f2738d
[ok] calibration: committed exactly once: ['1084efc']
[ok] lock complete exactly once, at be74d23, no incident: {'commit': 'be74d23d086bd12d894db1f73e6a1b4160aeebd5', 'completed_at': '2026-09-25T17:14:05+00:00', 'status': 'complete'}
[ok] a second lock is refused: lock already written; a new candidate lock requires a new protocol version
[ok] calibrate complete, no incident or stop
[ok] confirm and report not started; no confirm incident: ({'status': 'not_started'}, {'status': 'not_started'})
[ok] prompt ledger and noun ledger empty
[ok] no confirmation or report in the state
[ok] outputs/experiment-024 holds exactly the five pre-confirm files (no stage-2 file, no report): ['calibration-arrays.pt', 'candidate-calibration.json', 'candidate-lock.json', 'candidate-preregistration.md', 'results.json']
[ok] calibration arrays unchanged
[ok] the install targets do not exist yet
[ok] no repository write: []
FAILURES: none
