[ok] HEAD == origin/main == be74d23: be74d23d086bd12d894db1f73e6a1b4160aeebd5
[ok] working tree clean
[ok] configuration is the frozen production one
[ok] stock validate passes: module blobs 12 verified (022's and 023's programs included); 022's and 023's committed files verified; the calibration source 18900 exposed pairs (175 cues × 108 frames); confirmation 87f8aff1dca4… (40 cues, 4320 keys); calibration record verified
[ok] freeze bytes
[ok] calibration bytes
[ok] state digest
[ok] calibrate complete once; lock/confirm/report not started
[ok] prompt ledger empty; no stage-2 file; no lock files
[ok] pins
[ok] 023 committed artifacts
[ok] 022 committed inputs
[ok] no scientific path changed since calibrate: 25 non-scientific paths
[ok] the lock's record and confirmation preconditions
[ok] parameter digest == the record's
[ok] score bindings recompute == the record's
[ok] 40-score digest a703ac16…: a703ac16c01f0960100ce1e9db470dfd04c0ce4251319d135fd57e38197d4995
[ok] calibration maximum: 0.13502027836111233
[ok] 5 of 8 E above the maximum
[ok] every E above every N
[ok] the extrapolation sentence: 5 of the 8 E cues lie above the calibration population's maximum nounness (+0.135020); the fresh test is a prospective extrapolation test there. Calibration supplied no evidence for that range, and the post-hoc behaviour of 023's five spent cues in it is design motivation only.
[ok] module calls: 0 during the load, 0 after: {'during_load': 0, 'after_load': 0}
[ok] no repository write: []
FAILURES: none
