[PASS] HEAD == expected 2111271… :: 2111271892a8237f69c3ef18d6eec774e798ac5c
[PASS] origin/main (ls-remote) == HEAD :: ['2111271892a8237f69c3ef18d6eec774e798ac5c']
[PASS] clean tree incl. untracked (porcelain empty) :: ''
[PASS] results.json has no duplicate keys and parses
[PASS] results.json state_sha256 recomputes (own canonical JSON) :: fcb2c0305a02c0c42a9ce39bc5a9c19c2c4f30c298d3a198c2644a751abb9e4d
[PASS] results.json bytes == canonical JSON + newline
[PASS] phases.extract.status == complete :: complete
[PASS] extract has exactly one start and one completion, no incidents/stop :: keys ['commit', 'completed_at', 'runtime', 'started_at', 'status']
[PASS] extract phase commit == HEAD
[PASS] phases.calibrate == not_started (no other keys) :: {'status': 'not_started'}
[PASS] phases.lock == not_started (no other keys) :: {'status': 'not_started'}
[PASS] phases.confirm == not_started (no other keys) :: {'status': 'not_started'}
[PASS] phases.report == not_started (no other keys) :: {'status': 'not_started'}
[PASS] phase set is exactly extract/calibrate/lock/confirm/report
[PASS] executed_prompt_keys empty
[PASS] executed_noun_keys empty
[PASS] calibration {} / lock, confirmation, confirmation_023, report null
[PASS] state protocol_code_commit == HEAD, git_dirty false
[PASS] state extract.data_sha256 == candidate f64 file sha256 :: d2ee71e58f4555360cc97dbfd883095f5673b636ddaaa6ca560fb7e7d899bba4
[PASS] state extract.index_sha256 == candidate json file sha256 :: 628181475e557728f257b428cd3c9e45a525129b6f099766c5a64fb37339a7fe
[PASS] state extract.commit == HEAD
[PASS] state extract paths name the candidate files
[PASS] no 'incident' / 'incidents' / 'stop' key anywhere in the state
[NOTE] state run_id 9428b2fde588ac75; extract started 2026-09-24T14:20:44+00:00 completed 2026-09-24T14:26:14+00:00; runtime {'backend': 'cpu', 'control_seed': 20260924, 'deterministic_algorithms': False, 'device': 'cpu', 'dtype': 'float32', 'seed': 20260916, 'torch_num_threads': 4}
[PASS] f64 sha256 == expected d2ee71e5… :: d2ee71e58f4555360cc97dbfd883095f5673b636ddaaa6ca560fb7e7d899bba4
[PASS] json file sha256 == expected 62818147… :: 628181475e557728f257b428cd3c9e45a525129b6f099766c5a64fb37339a7fe
[PASS] f64 is exactly 1,209,600 bytes = 151,200 float64 = 18,900 × 8 :: 1209600
[PASS] all 151,200 values finite :: non-finite 0
[PASS] n == 79 in every row :: distinct n [79.0]
[PASS] big-endian reading of column n is not 79 (endianness sanity)
[PASS] M2 >= 0 in every row; SSE columns >= 0
[PASS] index has no duplicate keys
[PASS] index bytes == canonical JSON + newline
[PASS] index content_sha256 recomputes (own canonical JSON) :: d38305cb86624a4a1b7e70d21f85ed1b57c26e1d2f59f3ec7dbf2a940f582d16
[PASS] index file_sha256 == data sha256
[PASS] index total_bytes == data length
[PASS] index blocks == [cells, [18900, 8], offset 0, nbytes 1,209,600] :: [{"name": "cells", "nbytes": 1209600, "offset_bytes": 0, "shape": [18900, 8]}]
[PASS] index dtype '<f8' and format string
[PASS] index columns == n,S,Q,SSE0,SSE1,SSEC,mean,M2
[PASS] index experiment/kind/version/schema
[PASS] index design == revision 2 at 5b38aba
[PASS] index program masks P0 0, P1 14/30
[PASS] index extraction.run_id == state run_id
[PASS] index extraction checks == state extract checks
[NOTE] index extraction checks: E4 {'at': '', 'max': 0.0, 'passed': True}, E5 {'at': 'Y1/coordinated/draw 14/SST', 'max_difference': 3.999896971376354e-15, 'n_checked': 192, 'passed': True}, E6 {'max_per_draw': 3.999896971376354e-15, 'max_per_pair': 1.4325462769519472e-14, 'passed': True, 'tolerance': 1e-10}
[PASS] 022 table size == 424,131,002 :: 424131002
[PASS] 022 table sha256 == 04659d5e… :: 04659d5e8b20a70526e5862eb2b2de952b33496f25e3875de6c6254df2b8fd81
[PASS] index source_022.table_file_sha256 == table sha256
[PASS] index source_022.table_path
[PASS] 022 record file sha256 starts db745653 and == index :: db745653cfa8f411514e80839bf986bd6cbbe3e816e3bb3095cf43c2d9d11a87
[PASS] 022 record content digest recomputes, starts 46985fd5, == index :: 46985fd59d9d22dc08c9344a2fa96eacaf832dfe954e84526fc76c5ac0d12f6d
[PASS] 022 record path in index
[PASS] 022 record binds 13 tensor digests incl. 5 gates :: ['ceiling', 'count', 'dc', 'dc_hat', 'gate_I1', 'gate_I2', 'gate_I3', 'gate_I4', 'gate_I5', 'historical', 'm2', 'mean', 'sse']
[PASS] index source_022.table_tensor_sha256 == 022 record's table_sha256
[PASS] 022 record working file == HEAD blob
[PASS] 022 confirmation content digest recomputes (af848ae4…) == index binding :: af848ae4bd48551cffec67f169a2a6d7b47f0eaaa5d2451010cc4c8bfd8fcda9
[NOTE] 022 confirmation file sha256 1a9afef0791171129bcf3d716b41e2139857851088a30620481757409a2e04d2; state inputs confirmation_022_file 1a9afef0791171129bcf3d716b41e2139857851088a30620481757409a2e04d2
[PASS] state inputs: 022 record file/content, confirmation file/content, table file
[PASS] extraction module path
[PASS] extraction module_blob == own sha1 of HEAD's block0_completion.py == git rev-parse :: 16d310fc7fab5599ec83b8bd8162fb9613f8dad2
[PASS] working-tree block0_completion.py == HEAD bytes
[PASS] extraction protocol_code_commit == HEAD
[PASS] extraction cells_version
[PASS] frozen_blobs (11) == git blobs at HEAD and working tree :: {}
[PASS] frozen_blobs == state module_blobs
[PASS] upstream_localization.py blob is 022's 46585696…
[PASS] the extraction commit is HEAD and is on origin/main
[NOTE] candidate files are under the gitignored outputs/experiment-023/ (git check-ignore exit 0)
[PASS] install targets experiments/023-block0-completion/exposed-cells.{f64,json} are not gitignored
[PASS] install targets do not exist yet
== items 1, 2, 4 (files): 70 lines, 0 failures: []
